A
Aaliyah
abatement
abbeys
abbot
Abby
abdomen
abducted
abductor
Abel
Abelson
abetted
abetter
abeyance
abhorred
Abigail
abler
ablest
ably
abnegation
abnormalities
abominations
aborigines
abortion
above
abraded
abrades
abridge
abridged
abridgements
abrogate
Absalom
abscess
abscissa
absentee
absinth
absolute
absolutes
absolution
absolutism
absorbs
abstention
abstinent
abstruseness
absurd
absurdities
absurdity
abundance
abundantly
abusiveness
abuzz
Abyssinia
academician
academics
accelerates
accelerator
accentuate
accept
accessibility
accessibly
accessioning
accessions
acclimatizes
accommodations
accordion
accordions
accost
accounting
Accra
accumulator
accursed
accustom
aced
acetone
achieved
achiever
achievers
acidifying
acidity
acme
acmes
acolyte
acolytes
acorn
Acosta
acquiesced
acquiescing
acquitted
acreage
acronym
Acropolis
acrostic
actionable
Acton
actuality
actualizing
acumen
acuteness
acutes
Adams
adapting
adaptive
adaptor
adaptors
added
addends
addendum
adder
addicting
addictive
addressee
Adelaide
Adele
adept
adequacy
adhesive
adieux
Adirondack
Adirondacks
adjoins
adjourns
adjunct
adjusting
adjustment
Adler
administering
admirable
admissibility
admonishments
adopting
adrenaline
adulteries
adumbrates
advanced
Adventist
Advents
adversarial
adverser
advert
advertisement
advising
advisor
advocate
advocates
adze
aerated
aerobatics
aerobics
aeronautical
aerosols
Aeschylus
Aesculapius
affair
affectionate
affections
affiliate
affixed
afflicts
affray
aficionados
afterburner
afterglow
afterword
Ag
agar
Agassi
Agassiz
agate
agave
ageism
agendas
agent
aggravating
aggression
aggressive
aggrieve
aghast
agility
agitating
agonized
Agra
agreeable
agribusinesses
Agrippina
aground
ague
Aguinaldo
Aguirre
Aida
aide
ailments
aim
air
airbrushing
Airedale
airfields
airlines
airsickness
airwaves
airworthy
aisle
Ajax
Alabamian
alarmist
alb
albacores
Albanian
Albert
Albion
Alcott
ale
Alembert
Alex
Alexandra
Alexandria
alfalfa
Algenib
Algerians
Algieba
Algiers
Algonquin
algorithmic
Ali
Alice
alienated
align
aligned
alimony
Alissa
Allah
allay
allayed
allegiance
Allegra
allergen
allergist
Allison
allocated
allocating
allocations
allowances
alloy
alloying
allspice
allures
allusion
alluvial
Allyson
Alma
Almach
almanac
almost
aloe
Alpert
alphabetizing
Alpo
alternation
alternative
altitude
Altoids
Alton
aluminum
Am
Amado
Amanda
amanuensis
Amaru
amateur
amaze
amazement
Amazon
ambassadorial
amber
Amber
ambiance
ambitious
ambitiously
ambitiousness
amble
amenable
amend
amended
amendment
amenities
Amerasian
American
Americanism
Americanizes
Americanizing
Amgen
amiability
amicably
amidships
amir
ammo
ammunition
among
amortizations
amortizing
amounts
ampersands
amphitheatre
ampler
amplitudes
amputated
Amundsen
Amur
anaconda
Anacreon
anaerobic
anaesthesia
anaesthetists
Analects
anarchy
Anatole
anatomically
ancestress
ancient
ancientest
ancillaries
and
andantes
Andersen
Andes
Andrei
Andres
Andropov
anecdote
anecdotes
anemone
anemones
anesthesiologist
anesthetist
Angelia
angelically
Angelina
angels
angioplasty
Anglican
Anglicanism
Anglicanisms
Angola
angoras
anguished
angularity
Anibal
animals
animatedly
anime
animist
animus
Ann
Anne
Annette
annexed
annexing
annihilate
announced
annulled
anonymous
Anselm
Anselmo
answers
antagonist
antagonistically
antagonists
antagonize
ante
antedates
anthems
anthropologist
antidote
antigens
antiknock
antiparticle
antiparticles
antiquities
antiquity
antiseptic
antitrust
antiviral
Antonius
ants
Antwerp
anus
anyhow
Anzac
aorta
apex
aphid
aphorism
apolitical
apology
apostasy
apostles
appall
appalls
appareled
apparelled
apparition
appellation
appendectomy
appendicitis
appendix
Appleseed
appliance
applies
appoint
appointees
appreciable
appreciably
apprising
appropriated
appropriation
approximated
appurtenances
April
apses
Ara
Arabic
Araceli
Arafat
Ararat
Araucanian
arbitrate
arborvitae
arced
archaism
archeology
architectural
archly
Arequipa
Argus
aria
arias
aridity
Aristides
Arizonian
Arizonians
ark
Arkhangelsk
Armageddons
armatures
Armenian
armful
armorers
Arnold
Aron
arousal
arpeggio
arpeggios
arrangement
arrowroot
arsenic
Artaxerxes
artefact
arteriosclerosis
artery
arthritic
arthropod
arthropods
Artie
artifice
ascendant
ascended
ascot
ascots
Asgard
ash
Ashkhabad
Ashlee
Ashmolean
Asia
Asimov
asinine
ask
asking
asks
aslant
Asmara
aspartame
Aspell
Aspen
aspens
asphyxiate
aspirating
assailant
assassinate
assemblyman
assent
asserting
assertion
assessment
assessments
assiduous
assignation
assistant
associate
association
assort
assuming
assured
Assyrians
Astana
asteroids
asthmatics
astigmatic
astonishingly
Astrakhan
astronomically
astrophysics
astutely
Asunción
Aswan
Atahualpa
Atalanta
Atari
atavism
Athabascan
atheistic
atherosclerosis
Atlantic
atlases
Atman
atria
atrophied
atrophy
attaching
attainable
attained
attainments
attendant
attended
attentive
attestations
attic
Attic
Attica
Attlee
attorney
attractive
attractively
Atwood
Auckland
audible
audit
auditorium
audits
aught
augmentations
auguring
aura
Aurelius
Aureomycin
auricles
auspice
Aussies
austerity
Australians
Austria
Austrian
Austronesian
authentic
autocracies
autocrat
automate
automatic
autonomy
autopilot
autopsies
avarice
averages
aviary
avid
avionics
Avis
avocadoes
avoirdupois
avowals
avowed
awaits
awake
awakening
aweigh
awkwardly
awls
axiom
ayatollahs
aye
Ayers
Aymara
azaleas
Babar
babble
baby
babysitting
bacchanals
backbiter
backboard
backboards
backhoe
backpacked
backsides
backslider
backspin
backstage
backstairs
backtracking
Bactria
badge
Baffin
bagel
Baggies
bagpipes
Baguio
Bahamians
bail
baize
Bakunin
balancing
balcony
Balder
baldness
balds
Baldwin
Balearic
Balfour
Balinese
balk
balkiest
ballasts
balling
ballparks
ballsiest
balm
balsas
baluster
balustrade
bamboo
bamboozles
bananas
bandana
Bandung
Bangkok
bangle
bangles
banister
banknote
bankruptcy
bankrupting
Banks
banyans
baobab
Baotou
baptists
bar
Barbour
Barcelona
bard
bared
bargain
barges
barista
bark
barker
barley
barnacle
Barnaul
Barnes
Barney
Baroda
baronets
baroque
barraged
barred
barrel
barrenness
bartering
barters
Barth
Bartlett
basalt
based
baseman
baser
bashes
bashfulness
basics
Basie
Basil
basins
basked
basket
basses
basso
bast
bastard
bastardizes
Bastille
bat
bather
bathing
bathos
bathrooms
Bathsheba
batik
Batista
bats
batsmen
battalion
battering
batters
battery
baubles
Baudouin
Baum
bawdiness
bawl
bayonet
Bayreuth
Baywatch
bazooka
BBB
beachcomber
beacon
beaded
beagle
beak
beaked
beam
Bean
beard
Beard
bearding
beastlier
beat
beautification
beautiful
Beauvoir
Becker
Becky
bedclothes
bedeviling
bedevilling
bedevilment
bedlams
bedrolls
bedspreads
bee
Beecher
Beefaroni
beefing
beefsteak
beefsteaks
beekeeper
beepers
befits
begetting
begone
beguiles
beguiling
behests
behold
behooved
behooving
belabored
Belarus
beleaguer
belfry
believers
Belize
belle
bellying
belonged
Beltane
Bender
Bendix
benediction
benefaction
benefactress
benefactresses
beneficiary
benefits
Bengali
Benson
bent
Benzedrine
benzene
Beowulf
bequeathed
Bergson
Berkshire
Berle
Berlitz
berm
Bermuda
Bernard
Bernays
Bernoulli
Berry
berth
Bertrand
beryl
beseeched
beseeches
besoms
besots
besought
bespeaks
Bessemer
bested
bestial
besting
bestowal
bestrid
bestsellers
Bethany
betrothed
betterment
Betty
bewailing
Bhopal
Bhutto
biannual
bib
bicameral
bicep
bicuspids
bicycled
bidding
biennially
bier
bigamist
Bigfoot
biggie
Biggles
bighearted
bighorn
bigwig
bilinguals
billeting
billets
bin
binding
binged
bingo
binocular
biographical
Bioko
biologist
biomedical
biopsied
biopsies
biorhythms
bipolar
Bird
birdhouse
birdhouses
Birdseye
birdwatchers
biretta
bisected
bisection
bisexuality
Bismark
bitch
bitching
bits
bitterer
bittersweet
bivouacked
blackballed
blackberry
blacked
blackens
blacker
blackguard
blackjacks
blacklist
blackmailer
Blackshirt
blacktop
blacktops
Blackwell
Blaine
blandishments
blandly
blankly
blanks
blares
blarneyed
blasphemes
blaster
blaze
blazon
blazoning
bleaker
bleakly
bleakness
blearily
bleating
bleeder
blend
blessedness
blinders
blink
blinkers
blissful
blissfulness
bloat
blockades
Blockbuster
blockhead
blocs
Blondie
blonds
bloodbath
bloodstains
bloodthirstier
Bloomsbury
blossoming
blotter
bludgeon
bludgeoning
blueberry
bluegrass
bluejackets
bluffed
blunder
blustery
boa
boarder
boasters
boatswain
bobbin
bobble
bobby
Bobby
bobcat
bobwhites
bodes
body
bodybuilding
bogies
Bohemia
boiler
boiling
Boise
boisterousness
bole
Bolivians
Bolshevik
bolt
bombastic
bombshell
bo'n
bonanza
Bonaparte
Bonaventure
bonehead
bongo
Bonhoeffer
bonnets
bonnier
bony
boogies
booking
bookmaker
bookmarked
bookshelves
bookshop
bookworms
boomeranging
boondocks
booster
bootee
Boötes
boozed
bordellos
Borden
borderland
Borgia
Boris
Borlaug
Borneo
borscht
Bose
bos'ns
bosoms
bossily
Boston
Bostons
botches
bough
bouillabaisse
boundless
bouns
boutique
bowel
Bowell
bowels
Bowen
bowlder
bowler
bows
boxcar
boy
boycotted
bozos
BP
bracket
Braddock
Bradly
braggart
Brahmaputra
Braille
brainstormed
brainstorms
braising
bran
Branch
branded
Brando
Brandy
brandying
brashly
brass
brassiere
brat
brattier
bravado
braves
bravuras
brawnier
Bray
brazenness
Brazilian
breaches
breadfruit
breads
breadth
breakable
breakdown
breakups
breakwaters
breastbones
breasts
breastwork
breather
breathing
breezed
breezily
breeziness
Brennan
Briana
bribe
bribery
Brice
bricklayer
bricklayers
bridesmaids
bridge
Bridges
briefing
brightness
Brigitte
brilliantly
brimstone
brinkmanship
brinksmanship
briny
brisk
briskest
Britain
Britannia
Britannica
Britisher
Britons
Brittany
Britten
Brittney
broad
broadcasting
broadcloth
Broadways
Brobdingnagian
brogan
broken
brokenhearted
broncho
bronco
brontosauri
brood
Brooke
Browning
Bruckner
bruin
Brummel
brunched
brushwood
bruskly
brusquely
brusqueness
Brut
brute
Brutus
Bryant
Brzezinski
bubble
bubblier
buccaneer
Buchwald
bucketful
Buckley
buckskins
bucktoothed
budded
Buddha
Buddhas
Buddhist
buddy
Buddy
budgie
budging
buffalo
buffer
buffered
buffet
Buford
buggies
bugler
buildings
Bulfinch
bulges
bulimia
bulk
bulkiness
bull
bulldogging
bulldoze
bulldozes
bulletproofs
bullfighters
bullfrogs
bullhorns
bullock
bullshit
bully
Bultmann
bum
bumblebees
bummer
bungalow
bunker
bunny
Bunyan
burbled
burdock
burghers
burgle
burgled
Burgundian
Burgundy
burlap
burliest
burly
burned
Burnett
burnish
burped
Burroughs
Burton
Burundi
bush
bushmen
bushwhackers
bustle
but
butch
butchery
butted
butterfingers
butters
buttonhole
butts
buy
buyer
buzzer
by
bygone
bylaw
byte
Byzantium
C
cabals
cabbage
cabinets
cable
Cabot
cackle
cactus
cad
cadence
cadged
Caerphilly
caesura
Cage
Caiaphas
Cain
Cains
cajolery
cajoles
Cajun
Cajuns
calamine
Calderon
Caledonia
calendar
Cali
calibration
California
Californian
calipering
calk
calking
calkings
call
Callao
caller
calliope
Calliope
callousing
calmness
calumniate
calumniates
Calvary
cambium
Cambodia
camellia
camels
Camembert
camisoles
Camoens
camouflaging
Campanella
Campbell
campier
Campos
Camus
Cancun
candelabra
candor
cannabis
cannibal
cannily
canoe
canonizations
canonizes
cantaloup
canter
cantilevering
canvases
capaciousness
capacitance
Capetown
capitalism
capitalist
capons
capriciously
Capricorn
Capricorns
caps
capsule
captains
captivation
Caracas
carapace
caravan
carbine
cardiology
cardiovascular
Cardozo
care
carefree
carefulness
carelessness
caret
careworn
cargos
caribou
carillon
Carina
carjack
carjackers
Carlo
Carlos
Carmella
Carmelo
carnage
carnelian
carnivore
carnivores
caroler
carolers
Carolinian
carolling
carousels
carouser
carpet
carpetbag
carpeted
Carr
Carrie
carrier
Carroll
carrousel
Carson
Carthage
carts
carvings
Cary
casement
casings
Casio
cassinos
cassock
casters
castigation
casts
casuist
catacomb
Catalan
cataloguer
catalpa
catastrophes
catatonic
catch
catcher
catchword
category
catered
caterwauls
catfish
Cather
cathode
Catholicisms
catnap
cattail
cattiness
cattle
Caucasus
causes
cautions
cave
caveat
caveman
cavemen
caviar
caviled
caw
cawed
cawing
Cayenne
ceaseless
ceiling
celebrant
celebration
celesta
celestas
celluloid
Celt
Cenozoic
censorship
censure
censuring
census
centaur
center
centerpiece
Centigrade
centigramme
central
centralized
centuries
century
Cepheus
cerebella
cerebral
ceremonies
Cervantes
Cesarean
cessations
cetacean
Cezanne
chaffed
chaffinch
chainsawing
chainsaws
chairing
chairmen
chaise
Chaitin
chalkboards
chambermaids
Chambers
chamois
Champlain
Chandigarh
chandler
Chandragupta
Chanel
Chaney
change
changelings
changing
chant
chanter
chanticleer
Chantilly
chaotic
chaperon
chaplaincy
character
characterizing
charge
charioteer
charity
charlatans
Charlotte
charm
chart
chaser
chasms
chastening
chastise
chastisements
chastity
châtelaines
Chattahoochee
chattels
Chatterton
chatting
chauvinism
Chayefsky
Che
cheapness
cheapskate
cheat
cheered
cheesed
cheetah
chef
Cherie
cherry
Chesapeake
Chesterton
Chevrolet
chicest
chickadee
chickened
chickenpox
chickpea
chief
chieftain
chigger
chiggers
childbearing
childcare
childhoods
childishly
childless
childproofing
children
Chilean
chili
chillers
chillier
chimaera
chimed
chimneys
Chinatown
chinchillas
Chinese
chinking
Chinook
Chinooks
chinstrap
chintziest
chipping
Chiquita
Chirico
Chisholm
chitchat
chitchatting
chitlings
chloride
chlorinates
chlorinating
chlorine
chloroform
choir
cholera
cholesterol
chomping
Chomsky
Chongqing
choosy
Chopin
chopped
choppered
choppiest
choreographs
chortled
chortling
chose
Chou
Christchurch
Christendom
Christendoms
christened
Christianity
Christians
chrome
chronic
chronologically
Chrystal
chum
Chung
chunkiest
Churchill
churl
churns
cicada
cicatrice
cicatrices
cicatrix
Cid
cilantro
cinch
cinctures
cinnamon
cipher
circa
circles
circuitously
circumcisions
circumnavigating
circumnavigation
circumscription
circumvents
cite
Citigroup
citron
city
civet
clairvoyance
clambake
clamor
clamoring
clapboarded
clarets
clarification
clarinettists
Clarissa
clashes
classicists
classify
classy
clatter
clatters
Clausewitz
clayey
cleanly
clearances
Clearasil
clearings
clearness
clefs
clemency
cleverness
clew
cliché
cliff
cliffhanger
climaxed
climaxing
climbers
clinched
clinchers
clingy
clinic
Clint
Clinton
clipper
clipping
clocked
clog
cloister
cloistered
clomps
Clorox
closed
closefisted
closeness
closes
closet
closures
cloture
cloudbursts
cloys
clubfoot
clubhouses
clumsiness
clutching
coachman
coagulating
coagulation
coalition
coast
coaster
coasting
Cobain
coccyges
coccyxes
cockfights
cockroach
coconuts
cocoons
Cocteau
codeine
codfish
coerced
coerces
coexisted
coexistence
coexists
coffees
cogent
cognac
cognate
cognition
cognomen
coherence
coheres
cohering
coif
coiffure
coifs
coincided
coins
cola
Cole
Coleridge
Colette
colicky
collage
collated
colleagues
collect
collection
collectivizing
colleen
collegiate
Collins
colloid
colloquialisms
colonists
colonnade
colony
colored
colors
colt
Colt
Columbia
columbine
Columbus
column
columnist
columns
coma
Comanche
combat
combated
combustion
comeliness
comity
commended
commentates
commentating
comments
commercial
commercialization
commissaries
commissary
commitment
commitments
commodious
commodity
commonplace
commutative
commute
commutes
Como
Comoros
compact
companions
comparisons
compassion
compatible
compete
competency
compilation
complains
comportment
comports
compose
composite
compost
composted
comprehension
compressing
compulsion
CompuServe
computational
computerizes
computerizing
Conan
concatenates
concatenating
concatenations
conceited
conceptual
conceptualization
concerto
concession
concessionaire
conch
concisely
conclave
concoct
concocting
concoctions
concomitant
concordances
Concorde
concourse
concrete
condensers
condescendingly
condiment
condition
conditional
conditioners
condoning
confab
confection
confectioner
confessedly
confessional
configurable
configuration
confining
confirmation
conflicted
conformation
confounding
Confucianism
confuses
congas
conglomeration
conglomerations
Congress
congresswomen
conjectural
conjecture
conjectured
conjoin
conjunctures
connects
Connemara
connivance
conniver
conquering
conscientiousness
conscripting
consensus
conservation
conservative
conservatives
conservatory
considerable
consignment
consolidating
consommé
consonance
conspirator
conspirators
constants
constipates
constitute
constrained
construe
consulates
consult
consultations
consummations
contagious
contain
container
contaminate
contaminates
contaminating
contemplates
contemporaneous
contentedly
contentions
continent
contingency
contour
contraceptives
contradicting
contradiction
contrasted
contravened
contribution
contributory
contrives
controversially
controvert
controverting
contumely
contuse
convalesced
convenes
convention
conventionality
conventions
converters
convertor
conveyance
conveyances
conveyer
convictions
convincingly
conviviality
convoys
convulsion
coolants
coolers
coolie
coopered
Coors
coot
cope
Copeland
copilot
copse
copyright
copyrights
copywriter
coquetting
coquettish
cordon
cores
Corfu
Corinth
corms
corncobs
cornea
cornmeal
cornrow
corona
coronary
corral
corrals
Correggio
correspondences
corridor
corridors
corroboration
corrugated
corrupted
corruptness
Cortez
Corvette
Cosby
cosigned
cosigners
cosigns
cosine
cosmetologist
cosmologist
cosmonauts
cosmos
cosmoses
costliness
cotton
couching
cougar
coughed
Coulomb
Coulter
councillors
councilor
councilors
counselled
counter
counteracts
counterculture
countered
counterfeit
counterfeiting
counterfeits
countermands
counteroffers
counterpoint
countersign
countryside
coupe
coupling
Courbet
court
courteousness
courting
courtroom
courtrooms
coven
coveralls
covers
covertly
coves
coveting
cozened
cozier
Cozumel
crackerjacks
crackles
cracks
Craft
craftier
crag
crags
cramping
crane
cranium
crank
Cranmer
crassness
crate
crating
creakiest
creamer
creamiest
crease
creases
creasing
creates
creating
creationism
crèches
Crecy
crediting
credo
credulity
Creek
creel
creepiness
cremate
cremations
crematorium
crematoriums
creole
Creole
creoles
crepe
crescent
Crete
cretin
cribbage
cricking
crier
criminologists
crimp
crimped
crinkles
crinkling
crispness
crisscross
critical
criticisms
critter
Croats
crochet
crocheted
crocodiles
crocus
crook
crookeder
Crookes
cropper
croquette
crossbeams
crossbow
crossbreed
crossbreeding
crossed
crosspieces
crosswalk
crossword
croup
crowdfunding
crows
cruciform
crucifying
crudeness
crudities
cruelest
Cruikshank
cruiser
crumb
crusaded
crusader
crusading
crusted
crux
cry
cryptogram
cryptographer
Cryptozoic
crystalized
crystallization
crystallizes
crystallographic
cube
cubes
cubist
cubit
cubits
cuckolding
cuckolds
cucumbers
cuddly
cudgel
cull
culled
culminates
cult
cumbersome
cummerbund
cumulatively
cunning
Cunningham
cupfuls
curfew
curfews
curios
curled
curlycue
currant
currently
curricula
curries
curse
cursorily
curtseys
curtsy
curviest
curving
cushier
cushy
cuspid
cuss
custard
customer
customized
cutely
cutesier
cuticle
cuticles
cutlet
cutouts
cuttings
cuttlefishes
cutup
cybernetic
cycle
cycled
cyclically
cyclone
cyclotrons
Cygnus
cynical
cynosures
Cynthia
Cypriot
Cyprus
cyst
cytoplasm
Czerny
Dacron
dactyl
dad
daemon
daguerreotype
Dahomey
daily
Daimler
dainties
daintiness
dalliances
Dalmatian
Dalton
Damascus
damasked
Damien
damning
damp
damply
dampness
dandier
dandiest
dandruff
Danes
danger
Danton
Dardanelles
Daren
dares
Darfur
darning
Darrel
Darrow
Darryl
dashboards
dashikis
dated
dauntlessly
dauphins
Dave
davenport
Davenport
Davy
daydreamt
dB
deacon
deacons
deactivating
deadening
deadlier
deadline
deadpan
deadpans
dealt
dean
Deanna
Deanne
dear
deb
debarment
debasement
debases
debatable
debauch
debauches
debilitated
debilitates
debilitation
debriefed
debris
debugs
debunk
debunks
debuted
Dec
decal
Decalogue
decamping
decapitates
decathlons
decay
Decca
Deccan
deceiving
decelerated
decent
decided
decimal
decisions
decisiveness
deck
decked
declaration
declination
declivity
decolonizes
decompression
decongestant
decorated
decorous
decors
decoy
decreases
decreeing
decrepitude
dedications
deducting
deductions
Deere
defaces
defaming
default
defaulter
defeat
defected
defective
defended
defending
defense
defensed
deference
deferential
deferment
defiance
deficit
definite
deflation
deflects
defoliate
defoliation
deforestation
defused
degree
degrees
dehumanized
Deidre
deification
Deimos
deity
Delaware
delegations
Deleon
deletion
Delhi
delicatessens
Delicious
delightfully
delights
delirious
delivery
Dell
deluge
demilitarizing
demitasse
democrat
democratic
demography
demon
demonstrable
demoralize
demoralized
Demosthenes
denature
denaturing
denigrates
Denis
denizens
Denmark
denoting
denouement
densities
dentistry
denture
deodorized
department
departmentalized
departures
dependencies
dependency
depictions
depletion
deplorably
deplore
deplores
depopulate
depopulates
deportations
deposited
depositors
depository
deposits
deprecation
deprecatory
deprives
depute
deputize
Derick
derogated
derringer
desalination
descanting
Descartes
description
desegregated
deservedly
designed
designer
desolating
despatches
despicable
despise
despising
despite
destine
destitute
destitution
destroys
detainee
detect
detection
detectives
détente
detentes
detentions
deter
detergents
determinants
determiner
deterministic
detestation
detesting
detests
detonation
detonators
detox
deuce
deuces
Deuteronomy
devastate
devastation
developer
deviant
devices
Devin
devises
devotees
devoutness
dewlaps
Dexedrine
Dexter
dexterous
diabetics
diagnostics
dialectal
Diana
Diann
Dianna
diaper
DiCaprio
Dick
dickie
Dictaphone
Dido
Didrikson
die
died
dietitians
differed
digesting
dignifies
Dijkstra
dilapidation
diligence
Dillinger
dillydally
DiMaggio
diminutions
dimmer
dimness
din
Dina
dinged
dingiest
dinky
dinosaurs
diodes
Dion
dioxin
dippers
director
dirges
dis
disable
disadvantaged
disaffected
disaffection
disallow
disambiguation
disappointed
disappointingly
disappointment
disapproval
disassembles
disassociate
disaster
disavowals
disavowing
disbanding
disburses
disc
discards
discernment
discharging
disciples
disciplining
disclaim
discomforted
discomforting
discompose
discomposing
discomposure
disconnectedly
disconnection
disconnections
discontented
discontinuance
discontinuations
discontinue
discontinued
discontinuity
discord
discos
discounted
discourse
discredit
discreetly
discrepancies
discretion
discriminates
discussant
diseased
disembarks
disenchants
disencumbers
disentanglement
disentangling
disestablish
disestablishing
disgust
disharmony
dishes
dishpan
dishrags
dishwashers
disillusion
disinfectant
disinfecting
disinterring
disjoint
dislocate
dislocates
dislodged
dislodging
dismemberment
dismounting
Disneyland
disobedience
disobeys
disobliging
disorder
disorganization
disorganize
disorientation
disparaged
disparages
dispassionate
dispatch
dispatches
dispersal
dispersing
dispersion
displayable
disported
disqualify
disquiet
disrespecting
disruptive
dissects
dissident
dissimilarity
dissociation
dissolutely
dissonance
dissonant
distaste
distemper
distentions
distinguishable
distortion
distorts
distraught
distributor
disunity
disusing
dither
ditty
diva
divan
divergence
divergences
diverges
diversification
diversionary
dives
divesting
dividend
divinity
divisibility
divorces
divvy
Dixiecrat
do
docents
docilely
docked
docket
dockyard
doctrinaire
doctrinaires
doer
doers
doggerel
dogging
doggoneder
doggonest
dogwood
doily
dole
doles
Dolly
dolt
dome
domestics
Dominic
domino
Donald
donate
donates
Donizetti
Donner
Donovan
doodlers
Doolittle
doom
doorbells
doorways
dope
dopey
dopy
Doric
Doritos
dormice
dormouse
Dorsey
dosages
Dot
doting
Douay
doublet
douched
dousing
doves
dowel
downgrade
downhill
Downs
downsizing
downswing
dowses
dozes
dozing
draft
draftier
draftiness
draftsmanship
dragged
dragnet
dragonfly
drainage
dramatic
dramatists
draped
drawbridge
drawbridges
drawstring
dreadful
dreamy
Dreiser
Dresden
dressers
dressiness
drew
driblet
driest
drilling
drinker
drippings
Dristan
drivings
droop
droopiest
droopy
dropout
drowsiness
drubbed
drudge
drudging
drummer
drumstick
drumsticks
Drupal
dry
Dryden
dryest
drying
dryly
drys
duchess
duchesses
duckbill
duckling
duct
dudgeon
duel
dueling
dugouts
dukedom
dulls
dummy
dumpiest
dumping
Dunant
dunk
dunking
dupes
duplicate
durably
Durex
Durocher
duskier
dust
dustiest
Dusty
dutifully
duvet
dwarfed
dwarfish
dwarfism
dyed
dynamism
dynamite
dynamiting
DynamoDB
dynasties
dysentery
dysfunction
dysfunctions
Dzungaria
eagerest
eagerness
Eakins
earl
Earl
earmuffs
earners
Earnestine
earnestly
earnestness
earning
earnings
earplug
earwig
East
eastbound
easterlies
easterly
easternmost
Eastwood
eave
eavesdrop
eBay
ebony
ebullient
eccentricity
ecclesiastical
echoing
eclecticism
ECMAScript
economical
economically
economize
economy
ecosystem
ecotourism
Ecuador
ecumenically
Ed
edamame
edibles
editorial
editorializes
Edmond
educations
eeriness
eery
efface
effacement
effacing
effectiveness
effeminate
effete
efforts
effusion
eggplant
eglantines
ego
egocentric
egoists
egregious
Ehrenberg
Eiffel
ejaculates
ejaculating
ejaculations
ejections
elaborate
elapsing
elasticity
Elastoplast
elation
elbow
Elbrus
Eleazar
electioneered
elections
electricity
electrode
electron
elephant
elevated
elevates
elevating
elevation
eliciting
eliminate
eliminations
Eliot
Elisha
Ellington
Elma
Elnath
Elnora
elongation
eloquence
elucidates
elucidating
Elvira
Elvis
Elysian
email
emailed
emancipation
embark
embeds
embezzled
embittered
emblazons
embody
embolism
embossing
embryo
embryonic
emcee
emendation
emends
emergencies
emetic
emigrates
eminences
emits
Emmanuel
Emmett
emollient
emote
emotionally
empanel
empiricism
emplacements
employer
emptiness
emulated
emulation
emulsify
emulsion
emulsions
enamel
encasing
enchant
enchanter
enchantingly
enchants
enchiladas
encloses
encode
encored
encouragingly
encrustations
encrypted
encyclopaedia
endanger
endearingly
endearment
endorse
endows
endurance
endways
enemy
energetic
enfeeble
enfeebled
enfeebling
enfranchised
enfranchisement
Englisher
engraving
engravings
enigma
enigmas
enjoining
enjoyable
enlarge
enlarging
enlightened
ennoblement
ennobles
ennui
enormity
enquired
enrages
enriched
Enrico
enrol
enrolling
enslave
enslavement
ensued
ensuing
ensure
ententes
entertained
entertainer
entrenched
entrenching
entrusting
entry
enumerate
enumerates
enured
envelope
enveloped
enviousness
environs
eon
Ephesian
Ephraim
epicureans
Epicurus
epileptics
epilogues
Epimethius
Epiphany
episcopacy
Episcopal
episcopate
epitaph
epoxies
Epsom
equalization
equalizers
equalizes
equals
equates
equators
equine
equipoise
equitably
equivalent
Equuleus
erasure
erection
Erector
ergonomics
Erica
Erickson
erogenous
Eros
err
errand
errands
erroneously
erythrocyte
Esau
escalated
escape
escapee
escapist
eschatology
Escher
eschews
escutcheons
esophagus
espadrille
especial
especially
Esperanto
Esperanza
Espinoza
espouses
espousing
essayist
essential
essentially
Essie
establish
esteems
Estelle
Ester
esthete
Estonian
etching
ethnic
ethnology
etiology
Etna
eucalyptus
Eugenia
Eula
eunuch
euphemism
euphemistic
euphoria
Eurodollars
eutectic
Eva
evaluate
evangelical
evangelist
evasiveness
eventide
events
eventual
Everett
every
everybody
evictions
evidences
evidencing
eviscerate
eviscerating
Evita
evocative
evoked
exacerbating
exactingly
exactly
exaggeration
examination
exampled
exampling
exasperated
Excalibur
excavate
excelled
Excellencies
excellent
except
excepting
excesses
excessive
excessively
excised
excision
exclamation
exclusion
exclusive
exclusively
exclusivity
excommunicate
excoriated
excoriation
excrescence
excretory
excuse
execrate
executioner
executrix
exempt
exhale
exhibits
exhilarate
exhorting
existed
exoneration
exoplanets
exotic
exotically
expanded
expatiate
expatiating
expatriate
expectorated
expects
expediting
expeditiously
expeditor
expense
explorer
explosively
exponentially
export
exporters
expose
exposition
expounded
expressionists
expressly
expressway
extends
extermination
extirpate
extortionist
extraction
extracurricular
extraneously
extrapolates
extrapolations
extreme
exuberant
exult
Eyck
eyelash
eyeliner
fable
fabric
Facebook
faceted
facetting
facially
facials
facilitate
factored
factotums
facts
fad
failing
failings
failure
fain
fainted
fainter
fairway
fairyland
faithfulness
faithlessly
faiths
Falkland
fallaciously
fallibility
fallibly
falloff
fallowing
falseness
falsetto
Falstaff
familiarization
fanaticism
fantasies
fantasizes
fanzine
fare
faring
Farley
farmed
farmer
Farmer
farmhands
farmhouse
farming
farmyard
farrows
fascist
fashionably
fashioned
Fassbinder
fastness
fatalists
fated
father
fatherless
fattest
fault
faulting
favor
favored
favoring
favoritism
Fawkes
fawning
Fay
Faye
fazed
fazing
FDR
feasibility
feasible
featherweight
feats
federalist
fee
feeblest
feebly
feedbag
feeders
Felice
Felicity
feline
felled
felonies
felons
fencer
fends
Ferdinand
Fermat
fermented
Fern
fertility
festival
festively
festivities
festoon
festooning
fetich
fetus
fevered
fey
Fiat
fiberboard
Fichte
fictionalize
fictionalizes
fiddled
fief
fielder
fiends
fierceness
fifteens
fifth
Figaro
fighter
figured
figures
filamentous
filet
filing
fillet
filling
filly
filter
filth
finch
finesse
fingernail
fingernails
fingertip
finises
finishers
Finnegan
fir
fire
firebreak
fired
fireplace
fireproofed
fireproofs
firetrap
firewater
firstborns
firsts
fishery
fishnet
fishtailing
fishwife
fission
fit
fitful
fittingly
fittings
Fitzgerald
fix
fixer
flabbiness
flagstones
flail
flamingoes
flammability
Flanagan
Flanders
flank
flanking
flannelette
flashing
Flatt
flatted
flattening
flatterers
flattop
flattops
flatware
flaunt
flavoring
flaying
flecks
fledglings
fleeing
fleet
fleshed
fleshliest
flexed
flibbertigibbets
flick
flickering
flicking
flier
flightiness
flintier
floatations
floater
floozy
floppiness
florae
Flores
floridly
florist
Florsheim
floss
flounce
flourish
flourished
flowers
flubbing
flubs
fluctuates
fluctuating
fluffs
fluid
flukiest
flunkie
fluoresced
fluoroscope
flushes
fluster
flustered
flutes
fly
flycatcher
Flynn
flypaper
fobs
foe
foible
foist
folders
Foley
folklore
follower
followers
fondant
fonder
fondue
font
food
foods
fooleries
foolery
foolhardiness
Foosball
footnoting
footwear
fop
foray
forbear
forbears
forborne
forceful
fording
foreboded
forecastle
forecastles
foreclose
forecloses
foreclosures
forefeet
forefront
foregoing
forelock
foreman
foreskins
forestation
forested
foretasted
foretell
forfeit
forfeiture
forgettable
forgives
forgiving
formal
Formosa
Formosan
formulation
fornicated
Forrest
forsook
Fortaleza
forte
forthcoming
fortress
fortuitous
fortunately
forwarded
foul
foully
fouls
founder
foundlings
fowl
fowling
foxtrot
foyer
fracas
fraction
fragile
fragility
fragmenting
fragrant
franc
France
franchisee
Francine
Francisca
Franck
Francoise
frank
Frankenstein
Frankfort
frankness
fraternizing
freakiest
freaking
Freddy
freedom
freehold
freeloaders
freethinkers
freezer
Freida
freighting
frenzies
Freon
freshens
freshmen
freshness
fretfully
fretfulness
friars
fricassee
Friday
fridge
friendships
frieze
Frigga
frightens
frigidly
frippery
friskier
frisking
frizzing
frog
frolic
frolicked
frontiers
Frost
Frostbelt
frostbites
frowsy
frugally
fruitiest
frustrations
fryer
fryers
FSF
Fuchs
fuchsias
fucker
fuddle
Fuji
Fujitsu
fulcrum
fulfill
fulfilled
fulfils
fully
fulness
fume
fumigator
Funafuti
functions
fundamental
funding
funerals
funereally
fungal
fungicide
funky
funniness
funny
furls
furnishings
furriers
fury
fusillade
fustian
future
futzed
fuze
fuzz
fuzzy
gabbling
gaberdines
gadabouts
gaged
gaggle
Gaia
Gail
Gaines
gains
gainsay
gaiter
Galahads
Gale
Galen
Galibi
galled
Gallegos
Gallic
gallops
Galloway
gallstone
Gallup
Galsworthy
Galvani
Galveston
Gamay
gambit
gamecocks
gamesmanship
gamey
gamin
gamine
gaming
gamma
ganders
Gandhi
ganged
gangplanks
gangsters
gannet
gantlets
gantry
Ganymede
garaged
garages
garble
garbs
gargle
Garibaldi
garishness
garlanding
garlands
garners
garotted
garotting
garrote
garrulousness
gasket
gaslights
gasolene
gassed
gastronomical
gated
gates
gathering
Gatling
gauche
gauchest
gaudiest
Gauss
gauziest
Gavin
gayness
Gaza
gaze
gazes
Gaziantep
Gd
Gdansk
gearbox
geared
gearing
gearshifts
gearwheel
gearwheels
geckos
geek
geeky
geez
Gehenna
gel
gelatin
gelding
genealogy
generality
generalization
generalizes
generalizing
generals
generates
generations
generics
generously
geneses
Geneva
genial
Genoa
gent
gentlewomen
genuflection
geocaches
geographer
geographical
geometry
geopolitics
geostationary
Gerardo
Gerber
germicides
germination
gerontologist
Gestapos
gesticulating
gesture
getaway
gewgaws
Gewürztraminer
Ghanians
Gibson
giddier
giddiness
gigapixel
gigapixels
gigging
giggles
giggliest
Gil
Gillette
Gilmore
gimlets
ginger
gingham
gingkos
Ginny
Giorgione
girded
girdles
girth
glacier
glad
gladdens
gladder
gladiators
Gladys
glamorous
glamorously
Glaxo
glee
gleefully
Glen
Glenlivet
glibness
glimmer
glimmering
glinted
glitter
glitziest
gloating
glockenspiel
gloom
glop
glossary
glossier
glossiest
glottises
glowing
glucose
glummest
gluts
gnarls
gnashed
gnat
gnawed
gnaws
gneiss
Gnostic
go
goaded
goalkeeper
goalpost
goaltender
goatskin
God
goddam
goddamned
goddaughter
Gödel
godfather
godhood
Godiva
Goethals
Goff
gold
Golda
goldener
Goldie
Golding
Goldsmith
golfer
gonads
goner
good
goodby
Goodwin
goofs
googles
gook
goose
gooseberry
Gordian
Gordon
gorier
Gorky
gosling
gospel
gossipy
Goth
Gothic
goulash
gourmet
goutiest
grabber
grabs
Grady
Graham
grammatically
granary
grandees
grander
grandpa
grandparents
grandson
grange
granny
granule
grapes
graph
grasshopper
grassing
gratification
graybeard
graybeards
grease
greasy
greatest
grebe
greediness
greenback
greenhorns
gregariously
Grenoble
greyed
griddle
griddlecakes
griffin
grimace
grimaces
grimier
grinds
grippe
gritty
groceries
grommet
grooviest
groovy
Grosz
Grotius
grouch
grouches
grouching
groundbreakings
groundswells
groupers
grouse
grout
grove
groveled
grovelled
grubby
grubs
grudging
grueling
grumbler
grumpiest
grunge
Guadalajara
Guallatiri
Guangzhou
guarantied
guarantors
Guatemalans
guava
Guayaquil
gubernatorial
guesser
guesstimating
guff
guide
guidebook
guided
guides
guilder
guilders
guillotine
guiltier
Guinevere
Gujranwala
gull
gullet
gullible
gumption
gunrunner
gunrunners
gunrunning
gunsmith
gurgle
gushed
gusty
gutted
guyed
guzzler
Gwen
Gwendolyn
gyms
ha
habituated
haciendas
hacker
Hades
haemorrhages
hair
hairbrush
hairier
hairpin
hairstyle
hake
Hakka
Haldane
half
haling
hall
Hall
hallmark
Hallmark
hallmarks
hallowed
Halloween
hallucinating
hallucinatory
hallucinogenic
hallucinogens
hallway
halos
halters
Hamburg
hamburgers
Hamlet
Hammerstein
hammocks
Hampshire
hams
hamster
hamsters
hamstringing
Hancock
handcart
handful
handiness
handing
handler
handmaidens
handmaids
handout
handrails
handsomer
handstand
handyman
hangmen
hangover
Hangzhou
Hannibal
Hanson
happiest
happily
happiness
harangue
hard
hardback
hardheadedly
hardheartedly
hardliner
hardtop
hardware
hare
harmed
harmoniousness
harmony
harpy
harried
Harriet
Harrison
Hart
harvester
hassle
hassocks
haste
hasted
hastier
hastily
hatches
hatchet
hatchways
hateful
Hatfield
Hatsheput
Hattie
haughtily
haughty
haunted
have
haw
haws
Hay
Hayes
hazarding
hazel
hazily
hazings
he
headache
headband
headless
headlights
headlines
headlining
headmaster
headmasters
headmistress
headmistresses
headquarter
headquarters
headset
headwind
healers
healing
hearing
hearken
Hearst
heartbreak
heartfelt
hearties
heartiness
heartless
hearts
heat
heated
heaters
Heath
heathen
heathens
heating
heaven
heavier
heavies
Hebert
hecklers
he'd
hedge
hedgehog
hedgerows
hedges
hedonism
heedful
heedlessness
hegemony
Hegira
heightened
Heine
Heineken
heinousness
heiress
heists
Helena
Helios
heliport
Hellenic
Hells
Helmholtz
helot
helplessness
hemoglobin
hemophiliac
hemorrhages
hemorrhoids
hemstitch
henpecking
Henri
Henson
hepatic
Hepburn
herbage
herbal
Herculaneum
herds
herdsman
hereafter
hereto
hermetic
Hermite
hernia
hero
heroes
heroins
Heroku
Herring
Hertz
hertzes
Heshvan
hesitantly
hesitates
Hesse
Hester
heterosexual
heterosexuality
heuristics
hewer
hexagonal
Hezekiah
Hg
hi
hiatus
hideaway
hie
hifalutin
Higgins
highballs
highbrow
highfalutin
highland
highlights
highs
hikes
hilariously
Hilfiger
Hill
hillbilly
Hillel
hillier
Hilton
Himalayas
Hinayana
hind
Hindemith
Hindenburg
hinds
Hindu
Hindustan
hinterlands
hip
Hippocrates
Hiram
Hirohito
Hiss
histamines
histogram
hitch
hitchhiker
hitter
hoarser
hobgoblin
hobnailed
hobnob
hods
hoedown
hog
Hogan
Hogarth
hogsheads
Hohenzollern
Hohhot
Hohokam
Hokkaido
Holcomb
holdup
holdups
Holland
hollers
hollow
hollowest
Holocaust
Holst
homebodies
homecomings
homed
homemade
homeowner
homeowners
homered
homespun
homicidal
homographs
homy
honchos
Honda
hone
honeycombing
honeycombs
honeydew
honeymoon
honeys
honorably
hooch
Hood
hoodoo
hoodwinked
hoodwinks
hooey
hookup
hookworms
hooky
hoorah
hoorays
Hoovers
hopes
hoping
horizontals
horned
horsefly
horsehair
horseshoe
horseshoes
horsetail
horsey
horticulturists
Hosea
hospice
hospitalization
hospitalizations
hostelers
hostelled
hostesses
hostility
hostler
hotheads
hotkeys
hotter
House
housebound
housecleaning
housekeeper
houseplant
housewares
housewives
Housman
howler
hows
hubcaps
Hubert
huckster
hue
Huff
huffily
huffy
hug
hugeness
hugging
hula
hull
Hull
humanism
humanizers
Humberto
humbles
humbug
humbugs
humidifying
humidity
humiliate
humor
humorless
humped
humungous
hunchbacked
Hungary
hunger
hungriest
hunt
huntress
Huron
hurtle
Hus
huskiest
husky
hustler
hustles
Huston
hutzpa
Huygens
hybridizing
hydraulics
hydrogen
hydrogenate
hydrometers
hygienists
hying
hype
hyperbola
hyperventilates
hyphened
hypnosis
hypnotic
hypnotically
hypnotized
hypnotizing
hypoallergenic
hypothesize
hysteria
hysterics
ibis
iceberg
iced
icicles
icing
ideal
idealism
idealist
idealistic
idealists
ideally
identification
ideogram
idiomatically
idleness
idolatry
igniting
ignoramus
Ijsselmeer
Ikhnaton
Iliad
ill
illicit
illiteracy
illiterates
illuminated
illuminates
illumining
illusory
illustrator
imams
imbecile
imbecility
immaterial
immediate
immersive
immigrants
immigrate
immobilizes
immoderate
immortalizes
immure
impacts
impairing
impalpable
impart
imparts
impassivity
impatiences
impediment
impedimenta
impenetrability
imperiousness
impermissible
impersonation
impertinence
impetuosity
impetuously
implementing
implication
implicitly
impolitenesses
importer
importunes
importunity
imposition
impossibilities
impostures
impotence
impoverish
impoverished
impoverishing
impoverishment
impracticality
imprecise
imprecision
impregnated
impregnation
impressionism
impressionist
improve
improvised
impugn
impulse
impulsive
impurest
in
inadequately
inarticulately
inbreed
incalculable
incandescence
incandescent
incapacity
incarcerated
incarceration
incarnate
inceptions
incessant
incest
inching
incidents
incision
incisions
incisively
incisor
incites
inclemency
inclosed
inclosures
includes
incomparably
incompatibles
inconceivable
inconclusive
inconsequential
inconsequentially
inconsiderateness
inconsistency
incontinent
inconvenient
incorporating
incorrigibility
incrustation
incubate
incubating
incubus
incumbent
incurable
incursion
indebted
indecency
indecently
indecision
indecisiveness
indelible
indelicately
indent
indentation
Indianapolis
indigenous
indigents
indignation
indirection
indiscretion
indiscretions
indispensables
individualist
indivisibly
Indochinese
Indonesia
Indore
indorses
induced
inductance
ineffectively
inefficiencies
ineligibility
inevitable
inexcusable
Inez
infantryman
infatuated
infecting
infection
inferences
inferred
infers
infiltration
infinitesimally
infinitude
infirmaries
infirmary
inflate
infliction
influence
influenza
infractions
infrastructure
infrequent
infuriates
ingested
Inglewood
ingrains
Ingram
ingrates
inhabiting
inhalant
inheritance
inheritances
inheritors
inhibited
inhumanities
inimically
iniquitous
iniquity
initiation
initiative
initiatives
injection
injunctions
injuries
injustices
inland
inmate
inmost
innards
innkeeper
innumerable
inopportune
inorganic
inputted
inquired
inquisition
inquisitors
inscriptions
inscrutably
insectivores
insects
insecurities
insensitive
inseparability
inseparables
insidiousness
insignia
insincerity
insoluble
insolvent
insomnia
Instagram
instantaneously
instants
instigators
instilling
instruction
instructors
instrumental
insubordinate
insufferably
insulator
insulators
insult
insurgence
intakes
intangibly
integer
integrals
integrate
integrity
intellect
intellects
intellectualize
intellectuals
intelligence
intemperate
intense
intensified
intensifier
intensively
interactively
interceded
intercepts
interchangeable
intercom
intercourse
interdict
interdiction
interfaced
interim
interloper
interlude
intermarry
intermediaries
intermediary
intermission
intermissions
internet
interposition
interprets
interrupted
interscholastic
interviewed
interviews
intestate
intestinal
intimately
intimating
intimidates
intimidating
intimidation
intolerance
intoning
intranet
intrigued
introduce
introvert
introverts
Inuit
invade
invading
invariably
invention
inventiveness
inventor
inversions
investigated
investing
investor
invigorating
invigoration
invincible
invite
invulnerability
invulnerable
invulnerably
ion
ionizers
iPhone
Iris
irksome
ironing
Iroquoian
irrational
irrationality
Irrawaddy
irrelevant
irreplaceable
irreproachable
irresolute
irresponsibility
irreverence
irritates
irritation
Irvin
Isabella
Isaiah
Isfahan
Ishim
Islamic
Islams
island
islander
islet
Israelite
issue
italics
itchiest
itchy
iterated
itinerants
Ivan
Iyar
Izanagi
Izanami
jabber
jabs
jackdaw
jackhammers
Jackie
jackrabbit
Jacksonville
Jacob
Jacobean
Jacuzzi
jailers
jailor
Jain
Jainism
Jakarta
jalousie
Jamaal
Jamaican
Jamar
Jamel
Jamie
jangle
Janus
Jarlsberg
jasmine
jasmines
jasper
jaundices
Java
Javanese
jawbones
Jayson
jazz
Jeanie
Jefferey
Jekyll
jello
Jenifer
Jenkins
jeopardizes
jeopardizing
jeopardy
Jerald
jerks
Jessica
Jessie
jester
jetsam
jetty
jeweler
jewelling
jewels
Jews
jiggling
Jim
Jimmy
Jinnah
jitney
jive
jobbed
jock
jockeys
jockstrap
Joel
jog
Johannes
Johannesburg
Johnathan
Johnie
jointed
joker
jollied
Jonah
Jones
Joni
jonquil
Joplin
Jose
Josephine
Josephus
jounced
journey
journeying
journeys
Jove
jowl
Joycean
joyriding
joyrode
Juana
Juarez
Judas
judgement
juggle
Julia
julienne
jumble
jumper
jumpiness
junctions
Junes
Juniors
juniper
junk
junket
Juno
just
Justine
jut
Juvenal
juvenile
juxtaposition
kaftan
Kahlua
Kaiser
kale
kaleidoscope
Kalgoorlie
Kanchenjunga
Kandahar
Kane
kapok
Karachi
Karen
Karina
Karol
Karroo
Karyn
Kasey
Kate
Kathrine
Katmandu
Katrina
Kaunas
kayak
Kazakhstan
Keck
keens
Keisha
Keller
Kellie
Kellogg
Kempis
kenneling
kenning
Kenya
Kenyan
Kenyatta
Kenyon
keratin
kerosene
Kettering
kettledrums
Keven
keyboarder
keyword
Khachaturian
Khorana
Khrushchev
kibitzes
kicked
kickers
kickiest
kicking
kidder
kiddo
kidnaped
kidnapping
kids
Kiel
kielbasa
Kieth
Kigali
Kilauea
kill
killed
kilning
kilo
kilos
kiloton
kimonos
kindling
kindly
kindness
Kinney
Kinsey
Kirchner
Kirov
Kisangani
kisser
Kit
Kitakyushu
kites
kith
kitties
Kitty
Kiwanis
Klaus
Kline
klutz
knacker
knackwursts
knave
kneaded
knells
knelt
knifes
knight
knighthood
knightly
knitted
knotted
knotty
knowledgeably
Kobe
Kodachrome
Kongo
kook
kookaburra
koshering
koshers
Krebs
Kristie
Kristin
Kristina
Kristopher
krone
Kruger
Krugerrand
krypton
kudos
Kuhn
kumquat
Kutuzov
Kuznetsk
Kyle
Kyrgyzstan
lab
Laban
labeling
Labrador
Labradors
labyrinth
laced
laceration
lackadaisical
laconically
lactation
lacunae
ladder
lade
Ladoga
lagoon
Lagrange
Lahore
Lakeisha
Lakisha
Lakshmi
lallygag
lama
lamasery
lamer
laming
lamming
lampoons
lampposts
lampshade
lanced
lances
landing
Landon
Landsteiner
languishing
lankiness
Lanny
lap
lariat
Larousse
lasciviousness
lashed
lassitude
latches
latency
latent
lathed
lather
Latin
Latino
latticework
Latvian
lauding
laughingstocks
launch
launcher
launderer
launderers
laurel
Lauren
Lauri
lava
Laverne
lavished
lavishest
law
lawlessly
lawmaker
Lawrence
laypeople
lays
Lazaro
laze
lazily
Leach
leached
lead
leaden
leafleting
league
leaked
lean
learned
learner
leash
leather
ledgers
Leeuwenhoek
leewards
legatee
legging
Leghorn
legibly
legionnaire
legislated
legitimately
legitimizes
legitimizing
legman
legume
lender
lengthened
lengthy
leniency
Lennon
Leoncavallo
Leonidas
Leonor
lepers
leprechaun
lept
Les
lesbian
less
lessens
Lessie
lesson
lethal
lethargic
letups
Levant
levee
level
levelled
leveraging
lewd
Li
liability
liable
liaise
liaison
lib
libation
libations
libelous
liberal
liberalism
liberalizing
liberate
liberator
libertarians
librettist
Libreville
Libya
Libyan
licensee
licentiates
lichee
lichen
Lieberman
lien
lifeforms
lifeguard
lifespans
lifts
ligament
ligatures
lighthouse
lighting
lightweight
lignite
likelihood
liking
Lilia
Liliuokalani
Lillie
Lily
limbered
limeade
limitless
limousines
limping
limpness
Lincoln
linden
lineage
liners
lineup
lingo
linkages
linnet
linoleum
Linotype
Lipizzaner
lipread
lipstick
Lipton
liquidized
liquoring
lire
lisle
lisp
listen
literal
literati
lithographed
litterbug
Litton
livability
liveliest
livelong
lively
liveries
Lizzie
llamas
loaf
loaner
loathing
loathsome
Lobachevsky
lobes
lobster
localize
Lochinvar
loci
lockable
locksmith
locoweed
locoweeds
lodestone
lodge
Loews
loft
logarithm
loggerhead
loggerheads
logically
logoffs
logons
logos
loincloth
loincloths
Lois
lolcat
Lolita
Lombardi
Lombardy
Lome
Lon
Londoner
lonelier
loneliest
long
Long
longboats
longer
longhair
longing
longshoreman
look
looneyier
loop
loosed
looseness
lopsidedly
loquacious
lord
Lord
lordly
lordship
Lorene
Lorraine
loth
lotion
lots
lottery
loudmouthed
Louisiana
Louisianians
lounged
lounges
louses
louver
lovebirds
lovelier
lover
Lowenbrau
Loyd
luau
lubricant
Lucifer
luck
luckless
Lucknow
Luddite
Luella
lukewarm
Lula
lumbar
lumbered
Lumière
luminaries
luminosity
lunatic
lupin
lupine
lupins
Lupus
lurched
lured
lusciousness
lustfully
lusts
Lutheranism
luxuriant
luxuriates
luxuriously
Lycra
Lycurgus
Lyly
lynched
Lynnette
lyric
lyricists
ma'am
macaronis
maceration
Macias
Macintosh
Mackenzie
mackinaw
Mackinaw
Macmillan
Macon
macro
macrobiotic
Madge
Madison
Mae
maestros
Mafias
magazines
Maginot
magistrate
magnanimously
magnate
magnet
magnetos
magnolia
magpies
Magyar
maharajas
mahatma
mahogany
maid
maidenheads
maidenhood
mailbox
mailing
mailman
Maiman
mainline
mainly
mainsails
mainspring
mainstreaming
maintaining
majority
Makarios
maker
makers
making
maladjusted
malaise
Malamud
Malays
Maldives
Male
malevolent
malfunction
Malibu
malignantly
malingering
malingers
Malinowski
mallards
mallet
malnutrition
malpractices
malting
maltreated
mama
Mameluke
mamma
mammalian
Manasseh
manatee
Manchester
Manchuria
mandated
mandible
mandolin
mandrill
maneuver
manfully
manganese
mangle
manhandle
manhood
Mani
manias
manicure
manifestations
manipulates
manipulator
manners
mannishly
manorial
manpower
mans
manse
mantra
manured
Mao
marabou
Maracaibo
Marat
marble
Marcel
Marcella
marches
Marcia
Marduk
margarine
Mari
mariachi
Marian
Maribel
marigolds
marihuana
Marilyn
marina
marinated
marinating
marine
Marisol
Marissa
marjoram
Mark
Markab
marketer
marking
Markov
marksmen
Marlborough
Marlene
Marlowe
Marmara
marmoset
Marquette
Marquis
marriages
married
marries
marrows
Marseillaise
Marseilles
marshmallow
marshy
marsupial
Martel
Martha
Martian
Marty
martyring
marvellously
Marvin
Marylou
Masada
mascara
masculine
mashed
mashup
mask
masked
masochists
masqueraders
masquerading
Massachusetts
massaged
masseuse
materialism
Mather
Mathewson
Mathis
matinées
Matlab
matriarchal
mattering
maturation
matzoh
Maud
maudlin
Maugham
mauled
mauls
Mauritania
Mauritius
mausolea
mawkishly
maxim
Maximilian
maxims
May
Maynard
mayo
mayor
Mayra
McCoy
McCray
McIntyre
McKenzie
McKnight
McLuhan
McMillan
Md
me
meagerness
mealier
mean
meanwhile
measurable
measured
measuring
mechanism
mechanistic
medalist
medallions
meddler
Medea
mediation
Medicares
meditatively
medley
medulla
Medusa
meekly
meet
megachurches
megahertz
megaphone
Meir
melancholics
Melanesia
melange
melding
Melisa
mellowness
melodies
Melody
Melton
Melville
membership
membrane
memoir
memorandums
memorized
memory
menace
Menander
mend
Mendelssohn
Menelik
Menes
Mennen
Mensa
menservants
menstruates
menu
meow
Mephistopheles
Merak
merchandize
merchants
mercurial
merge
Merino
Merle
Merovingian
merriest
Merritt
Merton
mesa
Mesabi
meshes
messiness
met
metabolizes
metal
metallurgy
metals
metaphor
metatarsals
meteorites
meteorologist
methanol
method
Methodism
Methodisms
Methodist
methodology
meticulousness
mettle
Meuse
mewing
Mfume
MHz
Mia
Miami
miaow
miaowed
mica
Michele
Michelin
Michelle
Michigan
Mickie
microbiologists
microcosm
microfilm
microorganisms
microphone
microscopic
Microsoft
midday
middies
middle
middlebrows
midriff
midterm
Midway
midwife
midwinter
miens
mightiest
migraines
migrant
migrations
migratory
Miguel
milch
mildness
militarizes
militated
Milken
milkmaid
milkshake
milkweed
Millay
millers
millet
millimeters
million
millions
millipede
Milo
milquetoasts
Milton
mime
mimed
mimetic
Mimosa
mind
minefields
mineralogists
minimizes
minority
Minsky
Minuit
minus
minuses
minutely
minuteman
minutiae
minuting
minx
Miranda
mires
Mirfak
Miriam
Mirzam
misapplication
misapprehending
misbegotten
miscellany
misconception
misconceptions
misconducting
misconstrue
miscount
miscreant
misdirects
miserliness
misfire
misfortunes
misgivings
mishandled
mishap
mishmash
misinformed
misinterpret
misinterpretation
misjudgement
misjudgment
misjudgments
mismanages
misnomer
misrepresentation
misrules
misruling
miss
missile
missive
Missouri
misspend
mist
mistaking
mistook
mistreat
mistreatment
misuse
mite
miters
mitigates
mitosis
mixers
mixture
Mn
Mnemosyne
mob
Mobil
mobile
mobility
Mobutu
mocked
mockers
mocks
mod
moderation
modern
moderns
modesty
modification
modular
modulated
modulation
module
modulus
Moe
Moet
mohair
Mohammedan
Mohican
moiety
Moises
moistness
molder
moldering
moldy
molecules
molehill
molest
mollify
mollifying
mollycoddles
Mombasa
momentousness
monaural
Monday
Mondays
monetarily
monetarism
monetary
monetized
monetizing
moneyed
Mongol
Mongolian
mongolism
mongoose
monicker
monkeyshine
monkeyshines
monogamy
monogram
monopolized
monopoly
monosyllabic
monosyllable
monotheism
monotonic
monotonically
Monroe
Monsanto
Montevideo
month
monthly
monument
monuments
moo
mooched
moocher
Moon
moonlight
Moore
moots
mopeds
moraine
moral
Morales
moratorium
mordants
More
Morin
morning
Moro
Moroccans
moroseness
morphological
mortally
mortarboard
mortarboards
mortared
mortgagers
mortice
mortician
Moses
Mosley
mossiest
moth
motherboard
motion
motley
motleys
motorbiking
motorcade
motorcar
motorcycle
motorcycles
motorcycling
motorcyclists
motorman
motors
motorways
Motown
mottles
motto
mountaineered
mountains
mousetrap
moussed
Moussorgsky
mouth
Mouton
movie
mower
mucked
muckraker
muckrakers
mucky
mucus
mudslinging
muffin
muffing
mull
mullahs
Muller
Mullikan
Multan
multilateral
multilingual
multinationals
multiplexer
multiplexers
multiplying
mumbler
mumbles
mummified
munch
munched
Munoz
mural
Murasaki
murderess
murdering
murmur
murmurs
muscle
musculature
musical
musicales
musketeer
muskmelons
muster
mustiness
mutable
mutilated
mutilates
mutineer
Mutsuhito
mutts
muumuus
muzzle
Myrtle
MySpace
mystical
mysticism
mystifying
mythical
mythology
nab
Nader
Nadia
Nagy
naiads
Nair
names
Namibian
Nanak
Nanking
nannies
nanosecond
napes
napkins
Naples
narcissists
narking
narrated
NASCAR
nascent
Nashville
nastily
nasturtium
nasturtiums
national
nationalism
nationalistic
nationalizations
nationalized
Nationwide
naturalist
naturalistic
naturalists
naturalize
naturalized
naturalizes
naturals
nature
natures
naughtiness
nauseate
nautical
navigational
navigator
Neanderthal
Neapolitan
nearer
nears
Nebuchadnezzar
nebula
necessary
necessitated
neckerchiefs
needed
nefariousness
negation
neglect
neglig
neighborhood
neighborliness
Nell
neocon
Nepalese
nephews
Neruda
nerveless
nervelessly
Nescafe
Nestle
nestled
nestling
netting
networking
networks
neurological
neurologists
neurotic
neurotics
neutered
neutralized
neutralizers
neutralizes
neutrino
nevertheless
Nevis
Nevsky
newcomer
newsletter
newsstand
Newtonian
nibs
Nicaraguan
Nicene
Nicholas
Nichole
Nicklaus
nicknamed
nicks
Nicole
Niebuhr
Nietzsche
nigga
niggled
nigher
night
nightcap
nighthawks
nightie
Nightingale
nightshades
Nike
nimbus
nineteenth
ninety
ninnies
Niobe
nipper
Nissan
nitrates
no
nobility
noblewoman
nocturnally
node
nods
Noe
noel
Noemi
nomenclature
Nona
nonconductor
noncontagious
nondeductible
nonentity
nonfiction
nonpareils
nonpartisans
nonphysical
nonpluses
nonprofit
noodle
noon
noontime
nope
Nordics
Norfolk
Norplant
Norseman
Northampton
northbound
northeast
Northeast
northeastern
Northeasts
Northrup
Norwegian
nosedove
nosegay
noticed
notices
noughts
nourishing
nova
Novokuznetsk
now
nowise
nozzles
nub
numbered
numbing
numeracy
numerous
numismatists
Nunez
nursemaid
nursemaids
nuthatches
nutritionist
nutritious
nutshells
nuttiest
nutty
nuzzling
Nyasa
nymph
nymphomaniacs
NyQuil
oaken
oarlocks
oarsman
oasis
oath
Oaxaca
Obama
Oberlin
obits
obituary
objectionably
objectiveness
oblations
obligation
obliging
obliteration
oblivion
obscure
obscurely
observing
obsess
obsessing
obsessive
obsessively
obsolescence
obsoletes
obstacles
obstetrician
obstructing
obtainable
obtrusively
obviously
ocarina
Occam
occasion
occidental
occupant
occupation
Oceania
ocher
octagonal
octal
octave
octette
oculists
oddball
oddly
oddness
Odell
odes
Odets
Odom
odor
Oedipus
off
offbeat
offending
offense
offer
OfficeMax
officious
officiously
offings
offloaded
offs
offshoot
offstages
ohms
ointment
OKed
Olajuwon
old
oldest
Oldfield
oleaginous
oleomargarine
Oligocene
Olivier
Olympics
Omar
omelette
omnipotence
Oneal
onerous
Onion
onions
onlooker
onlookers
only
onrush
onsets
onslaughts
Ontario
onto
onyx
onyxes
opals
open
openly
openness
operationally
operative
opiate
opinion
opium
opponent
opposes
opposition
oppressed
oppression
opted
optimizations
opulence
opuses
Ora
oracles
Orange
orangeade
oranges
oratorical
oratorio
Orbison
orchard
orchestration
ordaining
orders
ordnance
Ordovician
organically
organism
orientation
orienting
originate
oriole
Orion
Orizaba
Orleans
ornamented
orphanage
Ortega
orthodontics
orthodox
orthographic
Orval
Osborne
Osceola
oscillations
oscillator
Osgood
Osiris
Oslo
Oswald
other
otherworldly
otiose
ottoman
oust
ousted
outage
outbalance
outbreak
outbursts
outdistanced
outed
outfield
outfielder
outflanked
outgrowing
outlet
outline
outlived
outmaneuvered
outmaneuvering
outmanoeuvring
outperform
outperforming
outrank
outreaches
outset
outsizes
outspreading
outstations
outstay
outstretch
outstretching
outstript
outwearing
outwitted
outwitting
ovens
overabundance
overacts
overalls
overbalancing
overboard
overcast
overcompensation
overcooking
overdone
overdraw
overdressed
overdrive
overestimates
overexposed
overhauls
overlaps
overlook
overmuch
overnight
overpasses
overpopulate
overrating
overrun
overshare
overslept
overspreading
overstatement
overstocked
oversupply
overt
overtaking
overtaxed
overtimes
overturns
overwhelm
oviducts
oviparous
owes
ox
oxford
oxygen
oxygenated
oxymoron
Ozark
Ozymandias
pace
pacifiers
Pacino
pad
paddocks
paeans
Paganini
paganism
pageant
Paine
painfuller
paintbrushes
painters
pair
Pakistani
palace
palatal
pale
paleness
Paleocene
Paleozoic
palest
palettes
palliated
palliates
palliatives
palls
palming
palmist
palpitating
paltrier
Pamela
pampered
pamphlet
panache
Panamanian
pancakes
panda
pandemonium
panderers
pane
panelist
panhandler
panic
pannier
panoplies
panoply
panorama
pantaloons
pants
pap
papa
papacies
papas
papaya
paperboy
papergirl
paperwork
paprika
parachuting
parade
paradigmatic
paradoxical
paralleled
paralyses
Paramaribo
paramedic
paramilitary
paranoid
paraphrased
paraplegics
paratrooper
paratroopers
paratroops
Parcheesi
parches
pare
parented
parents
pares
pariah
Park
parka
parkas
parkour
parks
Parks
parlays
parley
parliamentary
Parnassus
parody
parole
parrakeets
parry
pars
parsimony
partaking
particles
particularization
particulars
particulate
partings
partisans
partitioned
partitioning
passing
passion
passive
passivity
pasteboard
pastiest
pastime
pastry
Patagonian
patently
Paterson
pathway
patience
patina
Patricia
patrolmen
patron
patronized
pattern
paunchy
pauperism
pauperized
Pavarotti
pavement
pavements
Pavlovian
pawnbrokers
paws
paycheck
payday
payer
Payne
payoffs
Pd
peacekeeping
peacock
pear
pebble
pebbling
pecking
Peckinpah
pecs
peculiar
pedagogs
pedagogue
peddling
pedestals
pedestrianize
pedestrianizing
pedestrians
pediatrician
pediatrist
pedigreed
pedigrees
pedlar
Pedro
peeks
peers
pees
peeve
peevishness
Pegasus
pejorative
Peking
pelican
pelvis
Pembroke
penalize
penchant
Penelope
penetrative
penile
penitence
penlight
Penney
penniless
Pennsylvania
penny
Pennzoil
pensive
pensiveness
Pentagon
pentagonal
Pentecost
Pentecosts
Pentium
penury
pepper
peppercorns
peppery
peps
Pepsi
pepsin
perambulating
Percheron
percolating
perdition
peregrination
perfectionism
performed
performing
perigee
perilously
peripheral
periscopes
periwig
periwinkles
perjury
Perkins
Perl
permanently
permeability
permute
peroxiding
perpetuity
perquisites
Perry
persecution
persecutor
Persian
personal
personalities
perspective
pertest
pertinence
perturbation
Peru
pervading
Peshawar
peso
pesos
pessimist
pesters
petiole
petites
petrifaction
petrified
petrolatum
petroleum
petted
pettifogged
pettily
pewee
peyote
pharaohs
pharmaceuticals
pharynxes
phases
Phekda
philharmonics
philippic
Philips
Philistine
Phillips
philologist
philosopher
philosophical
phobic
phone
phonetic
phoniest
phosphorescence
phosphorescent
photocopy
photoed
photographers
phrasing
phrenology
Phrygia
pianoforte
Pianola
piccalilli
pickings
pickpockets
pictorial
piddled
piece
pieced
piecemeal
pierce
piety
pigeonholes
piggybacks
pigheaded
pigmentation
pigskins
pigtail
pikers
pilaffs
pilaster
pilau
pilchard
pile
pilfers
pillowed
pills
Pillsbury
piloting
pimientos
pimping
Pinatubo
pinball
pinching
Pindar
pinfeather
pinion
pinions
pink
pinkeye
pinks
pinprick
pins
pinwheel
pioneer
pioneered
pipeline
pipped
Piraeus
piranha
pirate
pistils
pit
pitchblende
pithier
pities
pits
pixel
pixies
Pizarro
placements
placentae
placentals
plagiarism
plagiarized
plain
plaintively
plaiting
planetarium
plant
plaque
plaster
plasterers
platinum
plaudits
plausibility
playboys
playmates
PlayStation
Playtex
plaything
playwright
plead
pleader
pleading
pleas
pleasure
pleasured
plectra
Pleiades
Pleistocene
plinth
Pliny
plodder
plotter
plotting
ploughed
ploughing
plow
ploy
pluck
plucked
plum
plumbed
plumbers
plummet
plushest
ply
Plymouth
pneumonia
Po
pocketed
podiatrist
podium
podiums
Poe
poet
poetess
poi
point
pointillism
pointlessly
pointy
poise
poisonings
poky
Polaris
polemic
polemics
polestar
polices
policyholder
poliomyelitis
polishers
politicizing
politico
politicos
polities
polity
pollinates
polliwog
pollutant
Pollux
Pollyanna
polonium
poltergeists
polyester
polyhedra
Polynesia
pomading
pommeled
pommelled
pommels
pompadour
Pompadour
pompon
Ponce
pondered
poniard
Pontchartrain
Pontiac
pontiff
ponytail
poohed
poop
poorhouse
Poppins
Popsicle
popular
popularly
porches
porringers
portable
portaging
portends
Porter
portfolio
portholes
Portia
porticoes
Portland
posies
positing
positive
possesses
Post
postage
postdate
postdating
posthumous
postlude
postludes
postmark
postmasters
postpones
postscript
postscripts
posture
pot
pothole
pothooks
potpie
potpourris
potsherd
Pottawatomie
pottering
pottery
poultices
pouncing
pound
pours
pout
pouts
powerboat
powerhouse
practises
Praia
praises
praising
prance
prancing
pranksters
pratfall
praying
preachiest
prearranges
precept
precipice
precipitant
précis
precise
precisest
précising
precluded
preclusion
preconceives
preconditioned
preconditions
predator
predecease
predeceased
predeceases
predecessors
predestine
predication
predisposition
predispositions
preempted
preened
preens
prefabbed
prefabricates
prefabricating
prefabs
prefaces
preferably
prefigures
prefixes
prejudices
prejudicial
prejudicing
prelude
premier
Preminger
preoccupations
preoccupying
preordains
preparation
preparedness
preponderance
preponderating
preposition
prequels
preschool
prescription
presentation
presently
preserver
preset
preside
President
presides
pressings
pressman
pressures
presumably
presupposing
pretense
prettier
pretzel
prevented
preview
previewers
prey
Pribilof
priced
priciest
pricked
primacy
primaeval
primate
primed
primer
primitive
primps
primroses
princes
principal
print
printout
prioress
priory
prized
prizefight
probable
probation
probationer
probes
problematical
procedures
proceed
proceeds
processions
proclamations
proclivity
procreation
Procrustes
Procter
proctored
proctoring
prodigality
prodigies
prodigy
produces
profit
profitable
profundities
profuse
profusions
progenitors
programer
progress
projection
projectionist
Prokofiev
proletarian
Prometheus
promises
promoter
prompters
proneness
pronged
pronghorn
pronghorns
proofreader
propagandist
propagandized
propellent
prophesy
prophet
prophylaxis
proportion
proposition
propositional
propositioned
proprietaries
propriety
propulsion
prosaically
prosecutor
proselytizes
prosodies
prospects
prostitution
protagonists
protectorates
protein
protestation
prototype
protraction
protrudes
proud
provably
Provençal
Provence
proverbs
provider
provisions
proviso
Provo
prude
pry
pshaw
psst
psych
psychiatry
psychologist
psychologists
psychology
psychoses
psychosis
Ptah
public
publicist
publicize
publishing
puffier
puffing
pugilist
pugnacity
puke
pulchritude
puller
pullout
pullovers
pulsar
pulverizing
pummelling
punching
punctuate
punctuation
punishes
puny
pup
pupa
puppet
purchasable
purebred
purging
purification
purifier
purifies
Purims
purl
purposeless
purse
purses
Purus
purveyed
purview
push
pushcart
pushing
pushover
pussier
pussy
pussycats
pussyfoot
pustules
Putin
Putnam
puzzled
puzzler
puzzlers
Pym
Pynchon
Pyrenees
pyromaniacs
pythons
Qantas
Qatar
Qiqihar
Qom
Quaalude
quadratic
quadrilaterals
quadrille
quadriphonic
quadrupeds
quaffs
quaint
quainter
quaintly
quake
Qualcomm
qualifier
qualm
qualms
quandary
quantifier
quantify
quarried
quarry
quarterbacking
quartos
quashed
quavery
Queensland
queried
query
quesadilla
quested
quibblers
quicklime
quiet
quietus
quilters
quinces
quinine
quintessence
quintet
quintets
Quintilian
quipping
Quirinal
quirkiest
quizzical
quoited
quoiting
Ra
rabbi
rabbinical
Rabelaisian
rabies
racers
raceway
Rachmaninoff
racism
racy
radials
radiated
radiator
radical
radicals
radio
radiotherapist
radish
radiuses
Rafael
raft
rag
rage
raggedness
raglans
ragtags
ragtime
raiding
railing
railroad
railroads
railway
railways
rainiest
rainwater
raja
rakishness
Ramadan
Ramakrishna
ramble
rambling
ramp
rampaged
Ramsay
ranched
ranches
rancid
rancidity
Rand
Randi
randomness
rang
ranger
rangier
ranginess
ranging
Rangoon
rankings
ransacks
rapaciousness
Raphael
rapider
rapidity
rapidly
rapped
rappers
rared
Rasalhague
rash
rasped
Rastafarian
ratcheting
ratings
rational
rationalistic
rationalized
rations
rattiest
rattle
ravages
rave
ravenous
ravine
ravish
rawhide
RayBan
razors
razzed
reaction
reactionary
reactivation
readability
readership
readily
realms
reanimated
reapplies
reappointment
reappraisal
reappraised
reaps
rearm
rearrangement
rears
reasoning
reassesses
reassigned
reassuring
rebelled
rebels
rebuild
rebuttal
recantations
recapping
recapture
receipt
receivership
receives
receptacle
receptionist
recess
recharged
recipient
recipients
reciprocally
reciprocation
recite
reckonings
reclaim
reclassify
reclassifying
recliners
recognizance
recoil
recombining
reconciles
reconnaissances
reconnoitering
reconnoiters
reconquer
recopies
recovered
recovering
recreate
recreation
recreational
recruiter
rectifications
rectifier
rector
recuperated
recurrences
recycled
recycling
redbreasts
redcaps
redeems
redemption
Redford
redhead
redheaded
redirects
redistribute
redistribution
redness
redoubts
redounded
redrafted
redrafts
redressed
reduction
reductions
Reebok
reeducate
reefed
reefs
reel
reemphasize
reenacting
reenactment
reestablishes
reevaluating
refereed
referees
referring
refillable
refinance
refinancing
refiner
refitting
reflective
reforest
reforestation
reforested
reform
reformatories
reformulated
refrains
refrigerators
refs
refueled
refuge
refuges
refunding
refurbishing
regained
regatta
regency
regenerates
regicide
regiment
regimented
register
registers
regression
regressions
regret
regrettable
regularly
regulates
rehash
Rehnquist
Reilly
reimpose
reined
reinsert
reinserted
reinstating
reinterpretation
reinvents
rejoiced
rejoinder
rejoinders
rejoined
rejoining
relating
relatively
relaxant
relaxes
relaying
relegation
reliable
reliant
relief
religious
reloaded
remaindered
remark
remarkable
remarriages
remedied
Remington
reminisces
remissions
remits
remnants
remoter
Remus
Rena
renascent
renditions
renegading
renew
renewal
renewals
rennet
renounce
renovating
rent
rental
rented
reoccurring
reopen
reopening
repatriate
repeat
repellant
repellent
repent
repertoire
repetitious
repetitive
rephrased
replaying
replica
reportedly
repose
reposeful
reprehensibly
Representative
repress
repressing
repressions
reprieve
reprimanded
reprimands
reprint
reprinting
reprise
reprobate
reproduction
reproofing
reprove
Republicans
republishes
reputes
required
requisition
requisitioned
requisitioning
requital
rerouting
resales
rescuing
researches
resemblances
resemble
resentment
reservation
reservists
residences
resident
residue
resin
resisted
resister
resistor
resolutions
resonator
resonators
resorts
resourcefully
respectability
respective
respiratory
respired
responded
rest
restart
restarted
restauranteur
restiveness
restock
restorative
restricted
restudying
resultants
resume
retailing
retainer
retaining
retardant
retched
retention
retinae
retouches
retrained
retraining
retread
retreats
retrenchment
retrial
retrievable
retrogresses
retrorocket
retrospecting
retrospective
retweet
retweeting
retype
reupholstered
Reuters
revalued
reveler
revenge
reverberates
reverberations
Reverend
reversals
reverse
review
revisit
revisiting
revived
revivify
revokes
revoking
revolution
revolutionaries
revolved
rewind
rewindable
rewound
rhapsody
rhea
Rhee
rhetoric
Rhiannon
rhino
rhinoceroses
Rhoda
rhubarb
ribald
rice
Rich
Richard
Richards
ricing
rickets
ricks
ricocheted
riddling
riders
ridge
ridiculously
rifer
riffle
rifle
rifleman
Riga
righteously
rightful
righting
rightly
rights
rigidness
Riley
rim
rimed
rinds
ringtone
Ripley
ripostes
ripple
ripples
rise
risers
risible
Rita
ritual
riven
roadblock
roadrunner
roadsters
roadworthy
roaring
roast
Robbie
Robson
Rocha
Rockford
rockier
rockiest
rockiness
Roderick
Rodger
Rodriguez
roe
rogering
rogues
roils
roisterer
roisters
Rojas
rollback
roller
rollers
rollerskating
rollicks
romaine
Roman
romances
romancing
Romanians
Romanov
Romansh
romanticizing
Romney
Ronda
roof
roofer
rooks
Roosevelt
roosts
rope
Rosalyn
rosebuds
Rosemary
Ross
Rossetti
rosters
rostra
Rostropovich
Rottweiler
rotundness
roué
roués
rouge
roughened
roughness
rounds
roundups
roves
row
rowels
Rubicon
Ruchbah
ruder
rued
ruffian
ruffians
ruffs
ruggedness
rugrats
ruminant
ruminated
rummer
rummy
rumoring
rumples
runarounds
runniest
runs
Runyon
rupturing
Ruskin
Russian
rustiness
rut
rutabaga
ruthlessly
rye
Sabbaths
sabotages
saboteurs
sabre
Sabre
sachems
sacking
sacrifice
sacrilegious
Sadat
sadism
sadness
safaris
safety
safflowers
saffrons
sagacity
saguaro
Sahara
sahib
sail
sailfishes
sailings
saint
saintliness
saintly
saints
saki
salaam
salad
Saladin
Salado
salami
Salamis
Salas
sale
Salem
salesgirl
salesmanship
salespeople
saleswoman
salient
Salinas
salivating
Salk
sallow
sallowest
Sallust
saloons
saltest
saltpeter
salts
saltshaker
salutation
salvage
Salvatore
salvo
salvos
Samaritan
sameness
Samoan
Samoset
samovar
sampler
San
sanctification
sanctifies
sanctioning
sanctity
sandblaster
sandblasting
sanded
sandiest
sandiness
sandlot
sandstorm
Sanforized
sanitation
sanitize
Sanskrit
Santayana
SAP
saprophyte
Sarasota
sarcastic
sarcophagi
sarcophaguses
Sargasso
Saroyan
SARS
Saskatoon
Sasquatch
sass
satanic
sate
satiate
satinwoods
satisfactorily
satisfy
saturates
Saturdays
Saudis
saunas
Sauterne
savageries
savagest
savings
Savior
savory
savvied
sawhorses
sawing
sawmills
say
scabies
scads
scaffold
Scala
scalawag
scalawags
scalds
scallop
scalps
scammed
scamper
scams
scandalized
scansion
scant
scantiness
scapegoated
scarcity
scathingly
scavenges
scheduler
schema
Schiller
schizoid
schizoids
schlemiel
schlep
schlepp
schmaltz
schmalz
schmuck
scholar
scholarship
schoolchild
schoolgirl
schools
schussing
Schwinger
Schwinn
sciatic
Scientology
scolding
scolloped
scone
scooting
scope
Scopes
scorchers
scorches
scorecard
scorecards
scorpion
Scot
Scotch
Scotchman
Scots
Scottish
scouted
scouting
scowl
scraper
scrawling
screams
screechiest
screeching
screechy
screwdrivers
scribbler
scrimshaw
scrips
script
scripting
Scripture
scrounges
scrub
scrunchy
Scud
scudded
scullion
sculptural
sculpturing
scum
scurfy
scurries
Scythia
Seaborg
seafood
seaman
seaming
seaplanes
sear
search
searched
searchlight
Sears
seashore
seasides
season
seasoning
seaway
seaweed
seclude
seclusion
secondarily
seconded
secondly
secret
secretion
sectarianism
sectarians
sector
secularized
sedative
see
Seebeck
seediness
seedling
Seeger
seeings
seeking
seemliness
seepage
sees
Sega
segmentation
segmented
Segre
Seine
seize
seizure
selling
Selznick
semaphores
semiannual
semicircular
seminal
seminar
semiprivate
semiprofessional
semitropical
Senegal
Sennacherib
sensationalist
sensitivity
sensory
sentimentalist
sepal
separatism
sepulchers
sequel
sequenced
sequestration
sequestrations
seraph
Serengeti
serfdom
sergeant
Sergio
series
serious
sermonize
sermonizing
serpent
servant
servility
servitude
session
setbacks
Seton
Sevastopol
seventeen
seventeenths
sevenths
several
severer
Seville
Sèvres
sewer
sexiest
sexily
sextette
Seyfert
shabbier
Shackleton
shadow
shadowboxed
shads
shagged
shaikh
shaken
shakiest
shallowness
shamefaced
shames
shaming
Shana
shanties
sharecroppers
shared
shareholder
Sharp
shaved
shaven
Shawnee
Shcharansky
sheath
sheave
shebang
Shebeli
shed
shedding
sheepfold
sheepskin
sheik
sheikdoms
sheikh
sheikhdom
sheiks
Shelby
shellacs
shelves
shenanigans
shepherd
Sheraton
Sheri
sheriff
sherries
sherry
Sherry
Shetlands
Shevat
shied
shiftless
shifty
shill
shillings
shim
shimming
shindigs
shingling
shinnied
shipboard
shipmate
shipwrecked
shirring
shirting
shirttails
shlepping
shlock
shlocky
shoal
shoddier
shoehorned
shoeing
shoestring
shogun
shoo
shop
shoplifter
shoppers
shore
shorelines
shortcut
shortening
shortest
Shorthorn
shortwave
shots
shouldn't
shovel
shoveled
showing
showman
showplace
shredder
Shriner
shrubby
shrug
shuffleboard
shuns
shunts
shut
shyest
shyness
Siberian
sibyl
Sicily
sickening
sickles
side
sidebar
sideline
sidelined
sidelining
sidestroke
sidestroking
sideswiped
sidewalk
sidewalls
siding
sidle
Sierpinski
siestas
sight
Sigmund
signalling
signatures
signer
significant
Sikh
Silas
silence
silencing
silly
silt
Silurian
silvan
silverfish
Simenon
simmers
simpleness
simpler
simpletons
simplex
simply
simulators
Sinai
Sinclair
sine
sinfulness
singeing
singers
singes
Singh
singleton
Singleton
singsong
singular
singularities
Sinhalese
sinned
sinner
sinuses
siphon
sipping
sirocco
sis
sissy
Sister
Sistine
sites
situation
six
sixpences
sixtieth
sixty
sizable
sizing
skateboard
skateboarding
skated
skein
skeptic
skim
skinhead
Skinner
skinniest
skinny
skipper
skippering
skipping
skit
skits
skycap
Skye
Skylab
skyscraper
slab
slag
slake
slanderer
slattern
slaughterhouses
slaughtering
slayer
sleaze
sledded
sleekly
sleep
sleepiness
sleeps
sleeting
sleuth
slices
slide
slimier
sling
slipcover
slipping
slob
slobs
Slocum
sloppiest
sloth
slots
slotted
slotting
slouchy
slovenliness
slowly
slowpokes
sluggard
sluggishness
slumming
slumps
slurped
slut
Small
smartness
smartwatch
smell
smelled
smells
smidge
smidgen
smidgin
smile
smiles
smithy
smog
smokehouse
smoker
smokestacks
Smokey
smolder
smoothy
smother
smudgier
smug
smuggler
smuts
Smuts
smuttier
Sn
snailed
snakebite
snakes
snap
Snapple
snarl
snarls
snazzier
sneakers
sneaks
sniffing
sniffle
snip
snipers
snipping
snivelling
snivels
snoopiest
Snoopy
snore
snorkel
snottier
snottiest
Snowbelt
snowboarded
snowbound
snowflake
snowman
snowstorm
snowsuit
snowy
snub
snuffer
snugging
snuggle
snuggling
soak
soaking
soapier
soapy
sobriquet
sociables
socialistic
socialites
socked
socket
sodden
sodomy
Sofia
soft
softball
software
softwood
softwoods
soggy
soirée
soldering
solders
soldier
solenoid
solicitations
solicited
solidification
solidifies
solo
solubility
solvent
solvents
Somali
sombrero
somersault
somewhere
somnambulism
sonata
Sonia
soon
soonest
sophist
sophisticate
sophistication
Sophocles
soppiest
Sopwith
sore
soreness
sorrels
sort
sorter
soubriquet
soughing
soughs
sought
soul
soulfulness
soulmates
soundproofs
Souphanouvong
soupier
source
souring
sourpuss
sousing
south
southerners
Southwest
sou'wester
sovereigns
sows
spacecrafts
spaces
spaceships
spacewalk
Spain
spammed
spanked
spanner
spareness
sparer
sparks
sparring
spastic
spawn
speakers
specialties
specification
specifier
speckling
spectacular
speculating
speech
speeding
speeds
spellcheck
Spence
Spencer
spending
spermatozoon
Sperry
spew
sphere
spheres
spheroid
sphinxes
spider
spieled
spies
spiffier
spigots
spike
spinnakers
spinner
spirea
spitfire
Spitz
splatted
splattering
splatting
splaying
splendidest
splicers
splint
splinted
splittings
splutter
spoke
sponges
sponsored
spoofed
spooled
spoonful
spoor
sported
sportscast
sportsman
spotter
spout
sprat
spray
sprays
spreadsheets
sprightliest
springiness
springtime
sprinkling
Sprite
sprocket
spud
spurious
spurred
spurring
spy
squad
squander
squanders
Squanto
squares
squeak
squeaking
squealing
squeals
squeezer
squeezers
squeezes
squinted
squints
squires
squirmed
squirts
stability
stabled
stablest
staccatos
stacking
stadia
staffer
stagehand
staidly
stainless
stairs
stakeout
stalemates
Stalinist
stalker
stalkers
stampeding
stance
stanch
standard
standoff
starchier
Stark
Starkey
starlight
start
startlingly
starvings
stashed
stateless
stateliness
Staten
stationed
statistic
statuettes
steadiness
steads
steady
steaks
stealthily
steams
steep
steeple
steer
steerage
steered
Stella
stem
stepdads
stepdaughter
stepdaughters
steppe
stereophonic
stereoscope
sterility
sterilizer
Steve
Steven
Stevie
stickiness
sticky
stiffen
stiffened
stiffness
stigma
stile
stilted
stimulus
stingers
stinker
stipulation
stitch
stitching
stock
Stockholm
stockpile
stodgier
stokers
stole
stolider
stomach
Stone
stoner
stonewalls
stool
stooping
Stoppard
storefronts
storeroom
storied
stork
storm
storminess
storms
stormy
storybook
stow
strafed
straggliest
straight
strain
straitens
straitjacketing
stranding
strangeness
stranglers
strangles
strategically
strategist
stratification
stratospheres
Strauss
stray
streakier
streakiest
streams
strengthen
strengths
strep
streptomycin
strews
stridden
stridently
strife
stringiest
strip
stripping
strive
strode
strongbox
strongboxes
stronghold
strontium
structurally
struggled
strychnine
stubbornness
stubby
stucco
stud
studio
stuff
stumped
stumping
stumps
stupefy
stupidly
stupor
sty
styes
stymie
Styx
subcommittee
subcontractor
subdividing
subjecting
subjugation
sublimating
sublimes
subliming
submergence
submersion
subplot
subplots
subscribed
subscribing
subset
subsets
subside
subsisted
substance
substantiated
suburbanite
successes
succession
successions
succoring
suchlike
suck
suckering
sucking
Sudan
sudden
Sue
suede
Suez
suffering
sufficiency
sufficient
suffocation
Suffolk
suffragans
suffragist
suffused
sugarcane
suggestively
Sui
suitability
suitor
sulfide
sulk
sulkies
Sulla
sulphured
sum
summarize
summarizing
Summer
summits
sumo
sump
sunbathed
Sunbelt
sundaes
sundial
sundowns
sunfish
sunflower
sunlamp
sunlamps
sunroof
sunshine
sunspot
superegos
Superfund
superimpose
superintendency
supermen
superpower
superscript
superstar
supervene
supervision
supervisor
supine
supplanted
supplement
supplicated
supplication
supplies
support
supposed
supposes
surceasing
sure
sureties
surfboarding
surfed
surmising
surmountable
surpasses
surpassing
surplices
surrealist
surroundings
surtaxing
surveyed
surveying
surveyor
survives
Susan
suspecting
suspects
suspicion
Suzanne
Suzuki
Sven
swab
swaggering
swallowtail
swallowtails
swam
swan
swank
swanker
Swanson
swap
swashbuckling
swat
swathe
Swaziland
swearer
swearwords
sweaty
sweep
sweeper
sweeping
Sweet
sweetbriar
sweeter
sweetie
sweetness
swelter
swerved
swimming
swindler
swindlers
swindling
swing
Switzerland
swooning
swoop
swop
sybarite
syllabic
syllabifying
syllable
sylph
sylvan
sympathies
sympathize
symphony
synagog
synagogue
synapse
synch
syncopating
syndicated
synopsis
synthesizes
synthetic
syrup
systematized
systemic
systolic
Tabasco
tabby
tableland
tablet
tablets
tabloid
tabloids
taboo
tabued
tabulated
tabus
tachometers
tacklers
tactfully
tactician
tacticians
taffeta
Taft
tagged
Tagore
Tagus
Taichung
tailgates
taint
Taiwan
takeoff
talc
talkative
tallest
Talmud
tame
tamer
Tamika
Tampax
tampons
Tancred
tandem
tangibility
tangible
tangy
tank
tankards
tankful
tannery
Tannhäuser
tantalizingly
tap
tapestry
tapeworm
tapioca
taproom
tardiness
tarpaulins
tarring
tarry
tartan
tasering
taskmaster
Tasmania
Tass
tasteless
tastelessness
tasting
tasty
tatted
tatting
tattles
Tatum
tauter
tawdriest
Tawney
taxicab
tea
teapot
teargas
teargasses
tearjerker
tearoom
tease
teaser
technician
technicians
technologies
technology
tedious
tediousness
teed
teetotaller
Teflon
Tegucigalpa
telecommunication
telecommuting
telemetries
telephones
teletypes
televangelist
Teller
temp
tempera
tempestuousness
tempi
template
tenant
tenderest
tenders
tendril
tends
tennis
tenoning
tenons
tensing
tensor
tentative
tenth
tenure
tercentenary
Teri
term
termed
Terpsichore
terrestrial
territorial
terry
terseness
test
testament
testimonials
tetanus
tetrahedron
textbooks
textile
textiles
Thaddeus
thalamus
Thames
than
thanked
Thanksgiving
thanksgivings
Thar
Tharp
theatrical
their
theism
theology
theoretic
theories
therapeutic
therapy
thereby
thermoses
thesaurus
these
thickener
thickening
thicker
thickest
thievery
thievish
thin
thing
thinned
thinner
thirtieth
thirtieths
thither
thong
thoraces
Thorazine
Thoreau
Thornton
thorougher
thoroughness
thous
thousands
Thracian
thralldom
thrashers
thrashing
threadbare
threshers
threshes
thrill
throngs
throughway
throwback
thrush
thudding
thuds
thug
thumb
thumbnail
thumbtack
thump
thumped
thumping
thumps
thunder
Thunderbird
thundercloud
thunderstorms
Thurman
Thutmose
ti
Ti
Tia
Tiber
Tibet
ticket
ticketing
Tide
tidier
tidy
tier
tightropes
tights
tigresses
tilde
till
tillage
tilled
tiller
Tillman
timbering
timberlines
timekeeper
timeline
timer
timestamp
timings
timorous
tincturing
tinfoil
tinged
tingled
tinkling
tinning
tinsel
tiny
tipplers
tipsier
tipsters
tit
Titian
titillate
titillated
tittering
tizzies
tizzy
toadies
toady
toasty
tobacco
toboggan
toga
togetherness
toiler
toilet
toils
Tom
tomahawk
Tombaugh
tombed
tombing
tomboy
tombstone
Tommie
Tommy
tong
Tongan
Toni
tonics
tonight
tonsillectomy
tonsure
tool
toolbar
tooled
toot
top
topaz
topknot
topple
toppling
torch
tormenting
torpedoes
torpedoing
torque
Torquemada
torrid
torsion
tortes
touched
touchy
toupees
tourism
tourist
tourists
tournament
tourniquet
tours
tout
towel
towheaded
towheads
Townsend
townsfolk
toxemia
toxicologist
Toyota
toys
Traci
tracing
tracker
tracking
Tracy
tradesmen
traditionalist
tragic
tragicomedy
trailblazer
trailed
Trailways
train
trainees
trampoline
tranquility
tranquillizer
tranquilly
transacting
transaction
transatlantic
transcendentalist
transcribes
transcription
transducer
transfer
transferals
transfix
transgressing
transgression
transiency
transient
transiting
translate
translating
translators
transliterating
translucence
transmitted
transmitting
transmutation
transmutations
transmutes
transnationals
transom
transpires
transplant
transports
transsexual
trashes
traumatic
travail
travel
travesties
Travolta
trawler
tray
tread
treasonous
treetop
trefoil
Trekkie
tremendously
tremors
trend
trendies
Trent
trespasser
triathlons
tributaries
triceratops
Tricia
trickster
tried
triennials
trifle
trigonometry
trillion
Trinidad
trio
trios
tripling
triply
trips
Trisha
triteness
Triton
triumvirate
trivet
trivialize
trochee
troglodytes
trollies
Tropicana
tropics
troposphere
troth
trots
troubleshooter
troubling
troupers
trousseaux
Troyes
truancy
truces
Truckee
trucker
truer
Truman
trumpet
trumpeted
trumps
truncheon
trust
trustworthier
trustworthiest
tryout
tryst
tsarina
Tsingtao
Tuareg
tubing
tubs
Tucson
tufts
tug
tugboat
tulle
tumbrel
tumor
tun
tuner
tunes
turbulence
turd
turkey
Turkmenistan
turmoil
turn
turncoat
turnips
turnkey
turnovers
turpentine
turves
tussocks
Tutankhamen
tutored
tutorials
tux
tuxedos
twaddled
tweed
Tweedledee
tweeds
tweet
tweezers
twerked
twice
twiggier
twinge
twinkled
twirl
twirler
twitch
twitted
twitter
twittering
two
twos
Tycho
typefaces
typescript
typeset
typhoid
typist
typography
tyrant
Tyrone
tzar
tzars
U
ugly
ukelele
ulcerating
ulcerations
ultimate
ultimatum
ultramarine
ultras
ultrasound
Ulysses
umbrella
Umbriel
umiak
umlauts
umped
umpire
umpiring
unacceptable
unacknowledged
unappreciated
unassailable
unattractive
unavailing
unbiassed
unburdened
unburdening
uncanniest
uncanny
uncertainties
uncharitably
unchristian
uncivil
uncle
unclothing
uncoiling
uncomprehending
uncompromisingly
unconcerned
unconcernedly
unconsciousness
uncontrolled
uncontroversial
uncorks
uncovers
uncultured
uncut
undeniably
underachieved
underbrush
undercharged
underclass
undercoated
undercover
underdogs
underestimate
underfed
underhand
underlay
underlie
undermined
underneaths
underpants
underpins
underscores
undersea
undersell
undersigned
undersize
undertakers
underwriter
undesirables
undetectable
undid
undiluted
undisputed
undo
unduly
uneasy
uneconomic
unexpurgated
unfailingly
unfaithfulness
unfeelingly
unflappable
unfriending
unfriends
unfurnished
unhands
unhappier
unhappiness
unhooking
unhorsed
unhorses
unicameral
unicycle
unimpaired
unimplemented
unimpressed
uninhabitable
uninstallers
uninsured
uninterrupted
uninviting
Union
uniquer
Uniroyal
unity
universals
unkindlier
unlatches
unlearns
unloads
unlock
unluckiest
unlucky
unmarried
unmatched
unmitigated
unnaturally
unnerve
unoffensive
unpack
unpacking
unpacks
unpardonable
unplugged
unpromising
unquestioning
unreasoning
unrepentant
unreservedly
unriper
unruliness
unsafer
unscrambles
unseating
unselfishness
unsheathed
unskillful
unsweetened
untold
untruthful
untutored
unusable
unutterably
unwieldiest
unwilling
unwise
unyielding
upbeat
upheaval
upheavals
uphill
upped
uppercutting
uppers
uprights
uprising
uproariously
UPS
upstaged
upstarting
uptight
Urals
Urban
urea
urinates
urology
Uruguay
Urumqi
usable
use
useability
ushered
usurer
usurpation
usurped
usurps
uteri
utilization
utilizing
Utopians
vacancy
vaccination
vacua
vacuity
vacuum
vagrancy
vaguely
Val
valance
valence
Valenti
Valentin
Valéry
validates
validation
validly
Valkyries
Valletta
valleys
Valparaiso
valueless
valve
vanes
vanned
vanquished
vanquishing
Vargas
variance
variant
variations
varicose
varnish
varsity
Vasquez
vast
vault
vaulting
vaunt
vector
veeps
vegan
vegans
vegetarian
vegetate
veggie
vehemence
veils
Velázquez
velour
vendors
vends
venerable
venerate
Venezuelans
Venice
venue
Venuses
veranda
verbal
verbalize
verbena
Verdi
verdigrises
Verdun
veriest
verifies
Verizon
Vermonter
Vern
Veronica
vertebrate
vertex
vertigo
verve
vesper
Vesta
vested
vestibule
vetches
veterinarian
veto
vets
vexing
vibrantly
vibrate
viced
Vicente
victual
videocassettes
videodisc
videos
videotape
vied
Vienna
Viennese
Vietminh
Vietnam
viewers
vigil
vignette
vilifying
villain
villains
Villarreal
villein
Villon
Vince
vindicating
vindications
vindictively
vinegar
vintner
Viola
violist
vipers
vireo
vireos
virgin
virginity
Virgos
virtues
virtuous
virulent
virus
visages
viscera
viscous
visible
visit
visitors
visors
vitalize
vitriol
vituperate
vituperation
vivider
vividly
vixens
viziers
vocal
vocation
vocative
vociferation
vociferously
voicing
Volcker
volition
voltmeters
volume
volunteers
voluptuary
voodooed
Vorster
vortexes
vortices
votary
vouchers
vouchsafed
vow
vowels
voyaging
Vulcan
vulcanizing
vulgarization
W
wackiest
Wade
waders
wafer
waffled
wafted
wafts
waggle
Wagnerian
waif
Waikiki
wainscotings
wainscotting
waistband
wakefulness
Wald
Waldheim
wale
Wales
waling
Walker
walkout
walks
walkway
Wallenstein
wallets
wallop
wallpapered
walnuts
Wanamaker
wanderer
Wankel
war
warble
warden
warding
Ware
warehouses
warhead
warmer
warmhearted
warmongers
warmth
Warner
warpaths
warrant
warred
Warren
Warsaw
warship
washboard
washbowls
Washingtonian
washtub
wasps
wassail
watched
watchfulness
watered
Waterford
waterline
watermark
watermelon
waterproofed
watershed
watersheds
waterworks
watery
wavelengths
waves
wax
waxiness
waxwing
waxwork
wayside
weakfishes
weakling
weakly
weakness
weals
wealthier
wearable
weasels
weathercock
weatherize
weathers
webbing
webcasts
Weber
Webern
webisode
webmasters
website
wedder
weds
weekended
wefts
weighs
weighted
weightier
weightiness
weightlifter
Weinberg
weir
Weiss
welfare
welkin
welling
wellsprings
Welshman
went
weren't
werewolf
werewolves
Wessex
Wesson
Western
westernmost
Wests
westwards
wetness
Weyden
whale
whalebone
whammed
whammy
wharf
what
wheal
wheelbarrows
wheelbase
wheeling
wheezes
wheezier
wheeziest
wheezing
whelked
whelks
whelps
whenever
whereby
whetted
whiffs
whimsical
whiners
whippersnapper
whippoorwill
whippoorwills
Whirlpool
whiskers
whisking
whisper
whistlers
whitecap
whitest
whitewashes
whiting
Whitman
whittling
whizz
who'd
whodunnit
wholesales
wholesome
wholly
whorl
Wicca
wickeder
wickedness
wickerwork
widowhood
wife
WiFi
wiggling
Wii
wiki
Wilbert
wild
wile
wiled
Wilhelmina
wiling
Wilkins
will
willfully
willfulness
wills
Willy
Wilsonian
wilted
Winchester
wind
Windbreaker
winding
windjammer
windowed
windowing
wines
Winfrey
wingtip
winner
Winston
Winters
wintertime
Winthrop
wiper
wire
wireless
wiriness
wisecracked
wistaria
witching
withdrawal
withdrawn
withstanding
Wittgenstein
wittily
Witwatersrand
wiz
Wolfe
Wolff
Wollstonecraft
womanizers
wombat
women
wonderland
wonted
woodbine
woodchucks
woodcraft
woodcut
woodenness
woodman
woodsheds
woodsier
woodsman
woof
wooliest
woollies
woolliness
wooly
Wooster
Worcester
workbench
worker
workers
workfare
workforce
workmanship
worksheet
worlds
wormiest
worn
worship
worshipper
worsted
worthier
worthies
worthiest
worthless
worthy
Wotan
wound
wounded
Wozzeck
Wrangell
wreath
wreckage
wrench
wrestle
wretch
wriggler
wriggles
wringer
wristband
wrongdoers
wrote
wry
XEmacs
Xerox
Xeroxes
Xiongnu
xylem
yack
yahoo
Yalta
yanked
yaw
yawed
yawing
yawn
yeah
Yeats
yelp
Yemenis
Yenisei
yep
yeshivah
yeshivot
yesteryear
Yevtushenko
Yggdrasil
yielding
yip
Ymir
yo
yodelling
yoghourt
yoke
Yoknapatawpha
Yolanda
Yorkie
Yoruba
you
you'd
Young
you're
yourselves
yowl
Ypsilanti
yucks
Yugoslavian
Yugoslavians
yuppie
Yuri
Zachary
Zambezi
Zamboni
Zane
Zapata
zeal
zealousness
Zebedee
Zedekiah
Zelma
Zenger
zephyrs
zeroes
zeros
Zhukov
Ziggy
Zinfandel
zinging
Ziploc
zips
zircon
zither
zoological
Zoroastrianism
Zorro
Zukor
